STDOUT:

 RUN  v3.2.4 C:/Users/moeew/OneDrive/Dokumen/Hackathon/stacks-btc/kova

stdout | module.exports.__wbg_log_f3c04200b995730f (C:\Users\moeew\OneDrive\Dokumen\Hackathon\stacks-btc\kova\node_modules\@hirosystems\clarinet-sdk-wasm\clarinet_sdk.js:1403:13)
Updated deployment plan file

 ✓ tests/agent-wallet-v4.test.ts (46 tests) 3117ms
stdout | tests/agent-wallet-v3.test.ts > create-wallet > creates an isolated wallet for an agent with balance 0
Error: Runtime error while interpreting ST1PQHQKV0RJXZFY1DGX8MNSNYVE3VGZJSRTPGZGM.agent-wallet-v3

stdout | tests/agent-wallet-v3.test.ts > create-wallet > rejects duplicate wallet creation for the same agent
Error: Runtime error while interpreting ST1PQHQKV0RJXZFY1DGX8MNSNYVE3VGZJSRTPGZGM.agent-wallet-v3

stdout | tests/agent-wallet-v3.test.ts > create-wallet > allows creating wallets for multiple agents
Error: Runtime error while interpreting ST1PQHQKV0RJXZFY1DGX8MNSNYVE3VGZJSRTPGZGM.agent-wallet-v3

stdout | tests/agent-wallet-v3.test.ts > create-wallet > rejects zero daily limit
Error: Runtime error while interpreting ST1PQHQKV0RJXZFY1DGX8MNSNYVE3VGZJSRTPGZGM.agent-wallet-v3

stdout | tests/agent-wallet-v3.test.ts > create-wallet > rejects per-call limit greater than daily limit
Error: Runtime error while interpreting ST1PQHQKV0RJXZFY1DGX8MNSNYVE3VGZJSRTPGZGM.agent-wallet-v3

stdout | tests/agent-wallet-v3.test.ts > deposit-withdraw > deposit increases agent's isolated escrow balance
Error: Runtime error while interpreting ST1PQHQKV0RJXZFY1DGX8MNSNYVE3VGZJSRTPGZGM.agent-wallet-v3

stdout | tests/agent-wallet-v3.test.ts > deposit-withdraw > deposit to different agents remains isolated
Error: Runtime error while interpreting ST1PQHQKV0RJXZFY1DGX8MNSNYVE3VGZJSRTPGZGM.agent-wallet-v3

stdout | tests/agent-wallet-v3.test.ts > deposit-withdraw > deposit rejects zero amount
Error: Runtime error while interpreting ST1PQHQKV0RJXZFY1DGX8MNSNYVE3VGZJSRTPGZGM.agent-wallet-v3

stdout | tests/agent-wallet-v3.test.ts > deposit-withdraw > deposit rejects without wallet
Error: Runtime error while interpreting ST1PQHQKV0RJXZFY1DGX8MNSNYVE3VGZJSRTPGZGM.agent-wallet-v3

stdout | tests/agent-wallet-v3.test.ts > deposit-withdraw > withdraw decreases agent's escrow balance
Error: Runtime error while interpreting ST1PQHQKV0RJXZFY1DGX8MNSNYVE3VGZJSRTPGZGM.agent-wallet-v3

stdout | tests/agent-wallet-v3.test.ts > deposit-withdraw > withdraw rejects insufficient balance
Error: Runtime error while interpreting ST1PQHQKV0RJXZFY1DGX8MNSNYVE3VGZJSRTPGZGM.agent-wallet-v3

stdout | tests/agent-wallet-v3.test.ts > operator-management > owner registers an operator
Error: Runtime error while interpreting ST1PQHQKV0RJXZFY1DGX8MNSNYVE3VGZJSRTPGZGM.agent-wallet-v3

stdout | tests/agent-wallet-v3.test.ts > operator-management > owner revokes operator
Error: Runtime error while interpreting ST1PQHQKV0RJXZFY1DGX8MNSNYVE3VGZJSRTPGZGM.agent-wallet-v3

stdout | tests/agent-wallet-v3.test.ts > operator-management > revoke-operator fails when no operator is set
Error: Runtime error while interpreting ST1PQHQKV0RJXZFY1DGX8MNSNYVE3VGZJSRTPGZGM.agent-wallet-v3

stdout | tests/agent-wallet-v3.test.ts > operator-management > owner can replace operator by re-registering
Error: Runtime error while interpreting ST1PQHQKV0RJXZFY1DGX8MNSNYVE3VGZJSRTPGZGM.agent-wallet-v3

stdout | tests/agent-wallet-v3.test.ts > agent-pay > operator pays service from agent's escrow and logs spend with fee
Error: Runtime error while interpreting ST1PQHQKV0RJXZFY1DGX8MNSNYVE3VGZJSRTPGZGM.agent-wallet-v3

stdout | tests/agent-wallet-v3.test.ts > agent-pay > platform fee calculation: remainder goes to service
Error: Runtime error while interpreting ST1PQHQKV0RJXZFY1DGX8MNSNYVE3VGZJSRTPGZGM.agent-wallet-v3

stdout | tests/agent-wallet-v3.test.ts > agent-pay > platform fee with larger amount: 1000 -> fee=20, service=980
Error: Runtime error while interpreting ST1PQHQKV0RJXZFY1DGX8MNSNYVE3VGZJSRTPGZGM.agent-wallet-v3

stdout | tests/agent-wallet-v3.test.ts > agent-pay > rejects unregistered operator (ERR-NOT-AUTHORIZED)
Error: Runtime error while interpreting ST1PQHQKV0RJXZFY1DGX8MNSNYVE3VGZJSRTPGZGM.agent-wallet-v3

stdout | tests/agent-wallet-v3.test.ts > agent-pay > rejects wrong operator (registered for different owner)
Error: Runtime error while interpreting ST1PQHQKV0RJXZFY1DGX8MNSNYVE3VGZJSRTPGZGM.agent-wallet-v3

stdout | tests/agent-wallet-v3.test.ts > agent-pay > rejects agent as caller when ALLOW_AGENT_CALLERS is false
Error: Runtime error while interpreting ST1PQHQKV0RJXZFY1DGX8MNSNYVE3VGZJSRTPGZGM.agent-wallet-v3

stdout | tests/agent-wallet-v3.test.ts > agent-pay > rejects inactive wallet (kill switch)
Error: Runtime error while interpreting ST1PQHQKV0RJXZFY1DGX8MNSNYVE3VGZJSRTPGZGM.agent-wallet-v3

stdout | tests/agent-wallet-v3.test.ts > agent-pay > rejects insufficient escrow balance
Error: Runtime error while interpreting ST1PQHQKV0RJXZFY1DGX8MNSNYVE3VGZJSRTPGZGM.agent-wallet-v3

stdout | tests/agent-wallet-v3.test.ts > agent-pay > rejects non-allowlisted service
Error: Runtime error while interpreting ST1PQHQKV0RJXZFY1DGX8MNSNYVE3VGZJSRTPGZGM.agent-wallet-v3

stdout | tests/agent-wallet-v3.test.ts > agent-pay > multiple agent-pays accumulate counters
Error: Runtime error while interpreting ST1PQHQKV0RJXZFY1DGX8MNSNYVE3VGZJSRTPGZGM.agent-wallet-v3

stdout | tests/agent-wallet-v3.test.ts > owner-management > remove-agent rejects when balance > 0
Error: Runtime error while interpreting ST1PQHQKV0RJXZFY1DGX8MNSNYVE3VGZJSRTPGZGM.agent-wallet-v3

stdout | tests/agent-wallet-v3.test.ts > owner-management > remove-agent succeeds after withdrawing all funds
Error: Runtime error while interpreting ST1PQHQKV0RJXZFY1DGX8MNSNYVE3VGZJSRTPGZGM.agent-wallet-v3

stdout | tests/agent-wallet-v3.test.ts > owner-management > remove-agent succeeds when created with zero deposit
Error: Runtime error while interpreting ST1PQHQKV0RJXZFY1DGX8MNSNYVE3VGZJSRTPGZGM.agent-wallet-v3

stdout | tests/agent-wallet-v3.test.ts > owner-management > allow-service and disallow-service per-agent
Error: Runtime error while interpreting ST1PQHQKV0RJXZFY1DGX8MNSNYVE3VGZJSRTPGZGM.agent-wallet-v3

stdout | tests/agent-wallet-v3.test.ts > validate-spend > returns ok for valid spend
Error: Runtime error while interpreting ST1PQHQKV0RJXZFY1DGX8MNSNYVE3VGZJSRTPGZGM.agent-wallet-v3

stdout | tests/agent-wallet-v3.test.ts > validate-spend > rejects insufficient balance
Error: Runtime error while interpreting ST1PQHQKV0RJXZFY1DGX8MNSNYVE3VGZJSRTPGZGM.agent-wallet-v3

stdout | tests/agent-wallet-v3.test.ts > validate-spend > rejects inactive wallet
Error: Runtime error while interpreting ST1PQHQKV0RJXZFY1DGX8MNSNYVE3VGZJSRTPGZGM.agent-wallet-v3

stdout | tests/agent-wallet-v3.test.ts > limits-and-active > set-active toggles kill switch for specific agent
Error: Runtime error while interpreting ST1PQHQKV0RJXZFY1DGX8MNSNYVE3VGZJSRTPGZGM.agent-wallet-v3

stdout | tests/agent-wallet-v3.test.ts > limits-and-active > set-limits updates limits for specific agent
Error: Runtime error while interpreting ST1PQHQKV0RJXZFY1DGX8MNSNYVE3VGZJSRTPGZGM.agent-wallet-v3

stdout | tests/agent-wallet-v3.test.ts > limits-and-active > set-limits rejects invalid limits
Error: Runtime error while interpreting ST1PQHQKV0RJXZFY1DGX8MNSNYVE3VGZJSRTPGZGM.agent-wallet-v3

stdout | tests/agent-wallet-v3.test.ts > limits-and-active > management rejects without owner signature
Error: Runtime error while interpreting ST1PQHQKV0RJXZFY1DGX8MNSNYVE3VGZJSRTPGZGM.agent-wallet-v3

stdout | tests/agent-wallet-v3.test.ts > read-only-helpers > get-balance returns 0 for no wallet
Error: Runtime error while interpreting ST1PQHQKV0RJXZFY1DGX8MNSNYVE3VGZJSRTPGZGM.agent-wallet-v3

stdout | tests/agent-wallet-v3.test.ts > read-only-helpers > get-daily-remaining returns remaining for specific agent
Error: Runtime error while interpreting ST1PQHQKV0RJXZFY1DGX8MNSNYVE3VGZJSRTPGZGM.agent-wallet-v3

stdout | tests/agent-wallet-v3.test.ts > read-only-helpers > get-spend-nonce returns 0 for no spends
Error: Runtime error while interpreting ST1PQHQKV0RJXZFY1DGX8MNSNYVE3VGZJSRTPGZGM.agent-wallet-v3

stdout | tests/agent-wallet-v3.test.ts > read-only-helpers > get-spend-record returns none for no record
Error: Runtime error while interpreting ST1PQHQKV0RJXZFY1DGX8MNSNYVE3VGZJSRTPGZGM.agent-wallet-v3

stdout | tests/agent-wallet-v3.test.ts > read-only-helpers > is-service-allowed returns false for unknown
Error: Runtime error while interpreting ST1PQHQKV0RJXZFY1DGX8MNSNYVE3VGZJSRTPGZGM.agent-wallet-v3

stdout | tests/agent-wallet-v3.test.ts > read-only-helpers > get-platform-address returns deployer
Error: Runtime error while interpreting ST1PQHQKV0RJXZFY1DGX8MNSNYVE3VGZJSRTPGZGM.agent-wallet-v3

stdout | tests/agent-wallet-v3.test.ts > read-only-helpers > get-platform-fee-bps returns 200
Error: Runtime error while interpreting ST1PQHQKV0RJXZFY1DGX8MNSNYVE3VGZJSRTPGZGM.agent-wallet-v3

stdout | tests/agent-wallet-v3.test.ts > platform-admin > deployer can change platform address
Error: Runtime error while interpreting ST1PQHQKV0RJXZFY1DGX8MNSNYVE3VGZJSRTPGZGM.agent-wallet-v3

stdout | tests/agent-wallet-v3.test.ts > platform-admin > non-admin cannot change platform address
Error: Runtime error while interpreting ST1PQHQKV0RJXZFY1DGX8MNSNYVE3VGZJSRTPGZGM.agent-wallet-v3

 ❯ tests/agent-wallet-v3.test.ts (45 tests | 45 failed) 1797ms
   × create-wallet > creates an isolated wallet for an agent with balance 0 56ms
     → Call contract function error: agent-wallet-v3::create-wallet('ST2CY5V39NHDPWSXMW9QDT3HC3GD6Q6XX4CFRK9AG, u1000, u100) -> Contract 'ST1PQHQKV0RJXZFY1DGX8MNSNYVE3VGZJSRTPGZGM.agent-wallet-v3' does not exist
   × create-wallet > rejects duplicate wallet creation for the same agent 47ms
     → Call contract function error: agent-wallet-v3::create-wallet('ST2CY5V39NHDPWSXMW9QDT3HC3GD6Q6XX4CFRK9AG, u1000, u100) -> Contract 'ST1PQHQKV0RJXZFY1DGX8MNSNYVE3VGZJSRTPGZGM.agent-wallet-v3' does not exist
   × create-wallet > allows creating wallets for multiple agents 42ms
     → Call contract function error: agent-wallet-v3::create-wallet('ST2CY5V39NHDPWSXMW9QDT3HC3GD6Q6XX4CFRK9AG, u1000, u100) -> Contract 'ST1PQHQKV0RJXZFY1DGX8MNSNYVE3VGZJSRTPGZGM.agent-wallet-v3' does not exist
   × create-wallet > rejects zero daily limit 40ms
     → Call contract function error: agent-wallet-v3::create-wallet('ST2CY5V39NHDPWSXMW9QDT3HC3GD6Q6XX4CFRK9AG, u0, u100) -> Contract 'ST1PQHQKV0RJXZFY1DGX8MNSNYVE3VGZJSRTPGZGM.agent-wallet-v3' does not exist
   × create-wallet > rejects per-call limit greater than daily limit 40ms
     → Call contract function error: agent-wallet-v3::create-wallet('ST2CY5V39NHDPWSXMW9QDT3HC3GD6Q6XX4CFRK9AG, u100, u200) -> Contract 'ST1PQHQKV0RJXZFY1DGX8MNSNYVE3VGZJSRTPGZGM.agent-wallet-v3' does not exist
   × deposit-withdraw > deposit increases agent's isolated escrow balance 42ms
     → Call contract function error: agent-wallet-v3::create-wallet('ST2CY5V39NHDPWSXMW9QDT3HC3GD6Q6XX4CFRK9AG, u1000, u100) -> Contract 'ST1PQHQKV0RJXZFY1DGX8MNSNYVE3VGZJSRTPGZGM.agent-wallet-v3' does not exist
   × deposit-withdraw > deposit to different agents remains isolated 39ms
     → Call contract function error: agent-wallet-v3::create-wallet('ST2CY5V39NHDPWSXMW9QDT3HC3GD6Q6XX4CFRK9AG, u1000, u100) -> Contract 'ST1PQHQKV0RJXZFY1DGX8MNSNYVE3VGZJSRTPGZGM.agent-wallet-v3' does not exist
   × deposit-withdraw > deposit rejects zero amount 39ms
     → Call contract function error: agent-wallet-v3::create-wallet('ST2CY5V39NHDPWSXMW9QDT3HC3GD6Q6XX4CFRK9AG, u1000, u100) -> Contract 'ST1PQHQKV0RJXZFY1DGX8MNSNYVE3VGZJSRTPGZGM.agent-wallet-v3' does not exist
   × deposit-withdraw > deposit rejects without wallet 46ms
     → Call contract function error: agent-wallet-v3::deposit('ST2CY5V39NHDPWSXMW9QDT3HC3GD6Q6XX4CFRK9AG, u1000) -> Contract 'ST1PQHQKV0RJXZFY1DGX8MNSNYVE3VGZJSRTPGZGM.agent-wallet-v3' does not exist
   × deposit-withdraw > withdraw decreases agent's escrow balance 43ms
     → Call contract function error: agent-wallet-v3::create-wallet('ST2CY5V39NHDPWSXMW9QDT3HC3GD6Q6XX4CFRK9AG, u1000, u100) -> Contract 'ST1PQHQKV0RJXZFY1DGX8MNSNYVE3VGZJSRTPGZGM.agent-wallet-v3' does not exist
   × deposit-withdraw > withdraw rejects insufficient balance 41ms
     → Call contract function error: agent-wallet-v3::create-wallet('ST2CY5V39NHDPWSXMW9QDT3HC3GD6Q6XX4CFRK9AG, u1000, u100) -> Contract 'ST1PQHQKV0RJXZFY1DGX8MNSNYVE3VGZJSRTPGZGM.agent-wallet-v3' does not exist
   × operator-management > owner registers an operator 44ms
     → Call contract function error: agent-wallet-v3::register-operator('ST2NEB84ASENDXKYGJPQW86YXQCEFEX2ZQPG87ND) -> Contract 'ST1PQHQKV0RJXZFY1DGX8MNSNYVE3VGZJSRTPGZGM.agent-wallet-v3' does not exist
   × operator-management > owner revokes operator 40ms
     → Call contract function error: agent-wallet-v3::register-operator('ST2NEB84ASENDXKYGJPQW86YXQCEFEX2ZQPG87ND) -> Contract 'ST1PQHQKV0RJXZFY1DGX8MNSNYVE3VGZJSRTPGZGM.agent-wallet-v3' does not exist
   × operator-management > revoke-operator fails when no operator is set 39ms
     → Call contract function error: agent-wallet-v3::revoke-operator() -> Contract 'ST1PQHQKV0RJXZFY1DGX8MNSNYVE3VGZJSRTPGZGM.agent-wallet-v3' does not exist
   × operator-management > owner can replace operator by re-registering 40ms
     → Call contract function error: agent-wallet-v3::register-operator('ST2NEB84ASENDXKYGJPQW86YXQCEFEX2ZQPG87ND) -> Contract 'ST1PQHQKV0RJXZFY1DGX8MNSNYVE3VGZJSRTPGZGM.agent-wallet-v3' does not exist
   × agent-pay > operator pays service from agent's escrow and logs spend with fee 38ms
     → Call contract function error: agent-wallet-v3::create-wallet('ST2CY5V39NHDPWSXMW9QDT3HC3GD6Q6XX4CFRK9AG, u1000, u100) -> Contract 'ST1PQHQKV0RJXZFY1DGX8MNSNYVE3VGZJSRTPGZGM.agent-wallet-v3' does not exist
   × agent-pay > platform fee calculation: remainder goes to service 41ms
     → Call contract function error: agent-wallet-v3::create-wallet('ST2CY5V39NHDPWSXMW9QDT3HC3GD6Q6XX4CFRK9AG, u1000, u100) -> Contract 'ST1PQHQKV0RJXZFY1DGX8MNSNYVE3VGZJSRTPGZGM.agent-wallet-v3' does not exist
   × agent-pay > platform fee with larger amount: 1000 -> fee=20, service=980 37ms
     → Call contract function error: agent-wallet-v3::create-wallet('ST2CY5V39NHDPWSXMW9QDT3HC3GD6Q6XX4CFRK9AG, u5000, u1000) -> Contract 'ST1PQHQKV0RJXZFY1DGX8MNSNYVE3VGZJSRTPGZGM.agent-wallet-v3' does not exist
   × agent-pay > rejects unregistered operator (ERR-NOT-AUTHORIZED) 37ms
     → Call contract function error: agent-wallet-v3::create-wallet('ST2CY5V39NHDPWSXMW9QDT3HC3GD6Q6XX4CFRK9AG, u1000, u100) -> Contract 'ST1PQHQKV0RJXZFY1DGX8MNSNYVE3VGZJSRTPGZGM.agent-wallet-v3' does not exist
   × agent-pay > rejects wrong operator (registered for different owner) 39ms
     → Call contract function error: agent-wallet-v3::create-wallet('ST2CY5V39NHDPWSXMW9QDT3HC3GD6Q6XX4CFRK9AG, u1000, u100) -> Contract 'ST1PQHQKV0RJXZFY1DGX8MNSNYVE3VGZJSRTPGZGM.agent-wallet-v3' does not exist
   × agent-pay > rejects agent as caller when ALLOW_AGENT_CALLERS is false 38ms
     → Call contract function error: agent-wallet-v3::create-wallet('ST2CY5V39NHDPWSXMW9QDT3HC3GD6Q6XX4CFRK9AG, u1000, u100) -> Contract 'ST1PQHQKV0RJXZFY1DGX8MNSNYVE3VGZJSRTPGZGM.agent-wallet-v3' does not exist
   × agent-pay > rejects inactive wallet (kill switch) 41ms
     → Call contract function error: agent-wallet-v3::create-wallet('ST2CY5V39NHDPWSXMW9QDT3HC3GD6Q6XX4CFRK9AG, u1000, u100) -> Contract 'ST1PQHQKV0RJXZFY1DGX8MNSNYVE3VGZJSRTPGZGM.agent-wallet-v3' does not exist
   × agent-pay > rejects insufficient escrow balance 43ms
     → Call contract function error: agent-wallet-v3::create-wallet('ST2CY5V39NHDPWSXMW9QDT3HC3GD6Q6XX4CFRK9AG, u10000, u10000) -> Contract 'ST1PQHQKV0RJXZFY1DGX8MNSNYVE3VGZJSRTPGZGM.agent-wallet-v3' does not exist
   × agent-pay > rejects non-allowlisted service 37ms
     → Call contract function error: agent-wallet-v3::create-wallet('ST2CY5V39NHDPWSXMW9QDT3HC3GD6Q6XX4CFRK9AG, u1000, u100) -> Contract 'ST1PQHQKV0RJXZFY1DGX8MNSNYVE3VGZJSRTPGZGM.agent-wallet-v3' does not exist
   × agent-pay > multiple agent-pays accumulate counters 38ms
     → Call contract function error: agent-wallet-v3::create-wallet('ST2CY5V39NHDPWSXMW9QDT3HC3GD6Q6XX4CFRK9AG, u500, u100) -> Contract 'ST1PQHQKV0RJXZFY1DGX8MNSNYVE3VGZJSRTPGZGM.agent-wallet-v3' does not exist
   × owner-management > remove-agent rejects when balance > 0 39ms
     → Call contract function error: agent-wallet-v3::create-wallet('ST2CY5V39NHDPWSXMW9QDT3HC3GD6Q6XX4CFRK9AG, u1000, u100) -> Contract 'ST1PQHQKV0RJXZFY1DGX8MNSNYVE3VGZJSRTPGZGM.agent-wallet-v3' does not exist
   × owner-management > remove-agent succeeds after withdrawing all funds 37ms
     → Call contract function error: agent-wallet-v3::create-wallet('ST2CY5V39NHDPWSXMW9QDT3HC3GD6Q6XX4CFRK9AG, u1000, u100) -> Contract 'ST1PQHQKV0RJXZFY1DGX8MNSNYVE3VGZJSRTPGZGM.agent-wallet-v3' does not exist
   × owner-management > remove-agent succeeds when created with zero deposit 37ms
     → Call contract function error: agent-wallet-v3::create-wallet('ST2CY5V39NHDPWSXMW9QDT3HC3GD6Q6XX4CFRK9AG, u1000, u100) -> Contract 'ST1PQHQKV0RJXZFY1DGX8MNSNYVE3VGZJSRTPGZGM.agent-wallet-v3' does not exist
   × owner-management > allow-service and disallow-service per-agent 38ms
     → Call contract function error: agent-wallet-v3::create-wallet('ST2CY5V39NHDPWSXMW9QDT3HC3GD6Q6XX4CFRK9AG, u1000, u100) -> Contract 'ST1PQHQKV0RJXZFY1DGX8MNSNYVE3VGZJSRTPGZGM.agent-wallet-v3' does not exist
   × validate-spend > returns ok for valid spend 40ms
     → Call contract function error: agent-wallet-v3::create-wallet('ST2CY5V39NHDPWSXMW9QDT3HC3GD6Q6XX4CFRK9AG, u1000, u100) -> Contract 'ST1PQHQKV0RJXZFY1DGX8MNSNYVE3VGZJSRTPGZGM.agent-wallet-v3' does not exist
   × validate-spend > rejects insufficient balance 36ms
     → Call contract function error: agent-wallet-v3::create-wallet('ST2CY5V39NHDPWSXMW9QDT3HC3GD6Q6XX4CFRK9AG, u10000, u10000) -> Contract 'ST1PQHQKV0RJXZFY1DGX8MNSNYVE3VGZJSRTPGZGM.agent-wallet-v3' does not exist
   × validate-spend > rejects inactive wallet 37ms
     → Call contract function error: agent-wallet-v3::create-wallet('ST2CY5V39NHDPWSXMW9QDT3HC3GD6Q6XX4CFRK9AG, u1000, u100) -> Contract 'ST1PQHQKV0RJXZFY1DGX8MNSNYVE3VGZJSRTPGZGM.agent-wallet-v3' does not exist
   × limits-and-active > set-active toggles kill switch for specific agent 37ms
     → Call contract function error: agent-wallet-v3::create-wallet('ST2CY5V39NHDPWSXMW9QDT3HC3GD6Q6XX4CFRK9AG, u1000, u100) -> Contract 'ST1PQHQKV0RJXZFY1DGX8MNSNYVE3VGZJSRTPGZGM.agent-wallet-v3' does not exist
   × limits-and-active > set-limits updates limits for specific agent 39ms
     → Call contract function error: agent-wallet-v3::create-wallet('ST2CY5V39NHDPWSXMW9QDT3HC3GD6Q6XX4CFRK9AG, u1000, u100) -> Contract 'ST1PQHQKV0RJXZFY1DGX8MNSNYVE3VGZJSRTPGZGM.agent-wallet-v3' does not exist
   × limits-and-active > set-limits rejects invalid limits 42ms
     → Call contract function error: agent-wallet-v3::create-wallet('ST2CY5V39NHDPWSXMW9QDT3HC3GD6Q6XX4CFRK9AG, u1000, u100) -> Contract 'ST1PQHQKV0RJXZFY1DGX8MNSNYVE3VGZJSRTPGZGM.agent-wallet-v3' does not exist
   × limits-and-active > management rejects without owner signature 40ms
     → Call contract function error: agent-wallet-v3::set-active('ST2CY5V39NHDPWSXMW9QDT3HC3GD6Q6XX4CFRK9AG, false) -> Contract 'ST1PQHQKV0RJXZFY1DGX8MNSNYVE3VGZJSRTPGZGM.agent-wallet-v3' does not exist
   × read-only-helpers > get-balance returns 0 for no wallet 39ms
     → Call contract function error: agent-wallet-v3::get-balance('ST2NEB84ASENDXKYGJPQW86YXQCEFEX2ZQPG87ND, 'ST2NEB84ASENDXKYGJPQW86YXQCEFEX2ZQPG87ND) -> Contract 'ST1PQHQKV0RJXZFY1DGX8MNSNYVE3VGZJSRTPGZGM.agent-wallet-v3' does not exist
   × read-only-helpers > get-daily-remaining returns remaining for specific agent 39ms
     → Call contract function error: agent-wallet-v3::create-wallet('ST2CY5V39NHDPWSXMW9QDT3HC3GD6Q6XX4CFRK9AG, u1000, u100) -> Contract 'ST1PQHQKV0RJXZFY1DGX8MNSNYVE3VGZJSRTPGZGM.agent-wallet-v3' does not exist
   × read-only-helpers > get-spend-nonce returns 0 for no spends 42ms
     → Call contract function error: agent-wallet-v3::get-spend-nonce('ST2NEB84ASENDXKYGJPQW86YXQCEFEX2ZQPG87ND, 'ST2NEB84ASENDXKYGJPQW86YXQCEFEX2ZQPG87ND) -> Contract 'ST1PQHQKV0RJXZFY1DGX8MNSNYVE3VGZJSRTPGZGM.agent-wallet-v3' does not exist
   × read-only-helpers > get-spend-record returns none for no record 40ms
     → Call contract function error: agent-wallet-v3::get-spend-record('ST2NEB84ASENDXKYGJPQW86YXQCEFEX2ZQPG87ND, 'ST2NEB84ASENDXKYGJPQW86YXQCEFEX2ZQPG87ND, u0) -> Contract 'ST1PQHQKV0RJXZFY1DGX8MNSNYVE3VGZJSRTPGZGM.agent-wallet-v3' does not exist
   × read-only-helpers > is-service-allowed returns false for unknown 38ms
     → Call contract function error: agent-wallet-v3::create-wallet('ST2CY5V39NHDPWSXMW9QDT3HC3GD6Q6XX4CFRK9AG, u1000, u100) -> Contract 'ST1PQHQKV0RJXZFY1DGX8MNSNYVE3VGZJSRTPGZGM.agent-wallet-v3' does not exist
   × read-only-helpers > get-platform-address returns deployer 37ms
     → Call contract function error: agent-wallet-v3::get-platform-address() -> Contract 'ST1PQHQKV0RJXZFY1DGX8MNSNYVE3VGZJSRTPGZGM.agent-wallet-v3' does not exist
   × read-only-helpers > get-platform-fee-bps returns 200 35ms
     → Call contract function error: agent-wallet-v3::get-platform-fee-bps() -> Contract 'ST1PQHQKV0RJXZFY1DGX8MNSNYVE3VGZJSRTPGZGM.agent-wallet-v3' does not exist
   × platform-admin > deployer can change platform address 36ms
     → Call contract function error: agent-wallet-v3::set-platform-address('ST2REHHS5J3CERCRBEPMGH7921Q6PYKAADT7JP2VB) -> Contract 'ST1PQHQKV0RJXZFY1DGX8MNSNYVE3VGZJSRTPGZGM.agent-wallet-v3' does not exist
   × platform-admin > non-admin cannot change platform address 37ms
     → Call contract function error: agent-wallet-v3::set-platform-address('ST2REHHS5J3CERCRBEPMGH7921Q6PYKAADT7JP2VB) -> Contract 'ST1PQHQKV0RJXZFY1DGX8MNSNYVE3VGZJSRTPGZGM.agent-wallet-v3' does not exist
stdout | tests/agent-wallet-v2.test.ts > create-wallet > creates a wallet with balance 0
Error: Runtime error while interpreting ST1PQHQKV0RJXZFY1DGX8MNSNYVE3VGZJSRTPGZGM.agent-wallet-v2

stdout | tests/agent-wallet-v2.test.ts > create-wallet > rejects duplicate wallet creation
Error: Runtime error while interpreting ST1PQHQKV0RJXZFY1DGX8MNSNYVE3VGZJSRTPGZGM.agent-wallet-v2

stdout | tests/agent-wallet-v2.test.ts > create-wallet > rejects zero daily limit
Error: Runtime error while interpreting ST1PQHQKV0RJXZFY1DGX8MNSNYVE3VGZJSRTPGZGM.agent-wallet-v2

stdout | tests/agent-wallet-v2.test.ts > create-wallet > rejects per-call limit greater than daily limit
Error: Runtime error while interpreting ST1PQHQKV0RJXZFY1DGX8MNSNYVE3VGZJSRTPGZGM.agent-wallet-v2

stdout | tests/agent-wallet-v2.test.ts > create-wallet > rejects zero per-call limit
Error: Runtime error while interpreting ST1PQHQKV0RJXZFY1DGX8MNSNYVE3VGZJSRTPGZGM.agent-wallet-v2

stdout | tests/agent-wallet-v2.test.ts > deposit-withdraw > deposit increases escrow balance
Error: Runtime error while interpreting ST1PQHQKV0RJXZFY1DGX8MNSNYVE3VGZJSRTPGZGM.agent-wallet-v2

stdout | tests/agent-wallet-v2.test.ts > deposit-withdraw > multiple deposits accumulate
Error: Runtime error while interpreting ST1PQHQKV0RJXZFY1DGX8MNSNYVE3VGZJSRTPGZGM.agent-wallet-v2

stdout | tests/agent-wallet-v2.test.ts > deposit-withdraw > deposit rejects zero amount
Error: Runtime error while interpreting ST1PQHQKV0RJXZFY1DGX8MNSNYVE3VGZJSRTPGZGM.agent-wallet-v2

stdout | tests/agent-wallet-v2.test.ts > deposit-withdraw > deposit rejects without wallet
Error: Runtime error while interpreting ST1PQHQKV0RJXZFY1DGX8MNSNYVE3VGZJSRTPGZGM.agent-wallet-v2

stdout | tests/agent-wallet-v2.test.ts > deposit-withdraw > withdraw decreases escrow balance
Error: Runtime error while interpreting ST1PQHQKV0RJXZFY1DGX8MNSNYVE3VGZJSRTPGZGM.agent-wallet-v2

stdout | tests/agent-wallet-v2.test.ts > deposit-withdraw > withdraw rejects insufficient balance
Error: Runtime error while interpreting ST1PQHQKV0RJXZFY1DGX8MNSNYVE3VGZJSRTPGZGM.agent-wallet-v2

stdout | tests/agent-wallet-v2.test.ts > deposit-withdraw > withdraw rejects zero amount
Error: Runtime error while interpreting ST1PQHQKV0RJXZFY1DGX8MNSNYVE3VGZJSRTPGZGM.agent-wallet-v2

stdout | tests/agent-wallet-v2.test.ts > agent-pay > pays service from escrow and logs spend
Error: Runtime error while interpreting ST1PQHQKV0RJXZFY1DGX8MNSNYVE3VGZJSRTPGZGM.agent-wallet-v2

stdout | tests/agent-wallet-v2.test.ts > agent-pay > rejects unauthorized agent
Error: Runtime error while interpreting ST1PQHQKV0RJXZFY1DGX8MNSNYVE3VGZJSRTPGZGM.agent-wallet-v2

stdout | tests/agent-wallet-v2.test.ts > agent-pay > rejects inactive wallet (kill switch)
Error: Runtime error while interpreting ST1PQHQKV0RJXZFY1DGX8MNSNYVE3VGZJSRTPGZGM.agent-wallet-v2

stdout | tests/agent-wallet-v2.test.ts > agent-pay > rejects insufficient escrow balance
Error: Runtime error while interpreting ST1PQHQKV0RJXZFY1DGX8MNSNYVE3VGZJSRTPGZGM.agent-wallet-v2

stdout | tests/agent-wallet-v2.test.ts > agent-pay > rejects non-allowlisted service
Error: Runtime error while interpreting ST1PQHQKV0RJXZFY1DGX8MNSNYVE3VGZJSRTPGZGM.agent-wallet-v2

stdout | tests/agent-wallet-v2.test.ts > agent-pay > rejects amount exceeding per-call limit
Error: Runtime error while interpreting ST1PQHQKV0RJXZFY1DGX8MNSNYVE3VGZJSRTPGZGM.agent-wallet-v2

stdout | tests/agent-wallet-v2.test.ts > agent-pay > rejects amount exceeding daily limit
Error: Runtime error while interpreting ST1PQHQKV0RJXZFY1DGX8MNSNYVE3VGZJSRTPGZGM.agent-wallet-v2

stdout | tests/agent-wallet-v2.test.ts > agent-pay > rejects zero amount
Error: Runtime error while interpreting ST1PQHQKV0RJXZFY1DGX8MNSNYVE3VGZJSRTPGZGM.agent-wallet-v2

stdout | tests/agent-wallet-v2.test.ts > agent-pay > multiple agent-pays accumulate counters
Error: Runtime error while interpreting ST1PQHQKV0RJXZFY1DGX8MNSNYVE3VGZJSRTPGZGM.agent-wallet-v2

stdout | tests/agent-wallet-v2.test.ts > agent-pay > daily limit shared across agents
Error: Runtime error while interpreting ST1PQHQKV0RJXZFY1DGX8MNSNYVE3VGZJSRTPGZGM.agent-wallet-v2

stdout | tests/agent-wallet-v2.test.ts > validate-spend > returns ok for valid spend
Error: Runtime error while interpreting ST1PQHQKV0RJXZFY1DGX8MNSNYVE3VGZJSRTPGZGM.agent-wallet-v2

stdout | tests/agent-wallet-v2.test.ts > validate-spend > rejects insufficient balance
Error: Runtime error while interpreting ST1PQHQKV0RJXZFY1DGX8MNSNYVE3VGZJSRTPGZGM.agent-wallet-v2

stdout | tests/agent-wallet-v2.test.ts > multi-agent > add-agent adds a second agent
Error: Runtime error while interpreting ST1PQHQKV0RJXZFY1DGX8MNSNYVE3VGZJSRTPGZGM.agent-wallet-v2

stdout | tests/agent-wallet-v2.test.ts > multi-agent > second agent can agent-pay
Error: Runtime error while interpreting ST1PQHQKV0RJXZFY1DGX8MNSNYVE3VGZJSRTPGZGM.agent-wallet-v2

stdout | tests/agent-wallet-v2.test.ts > multi-agent > remove-agent revokes authorization
Error: Runtime error while interpreting ST1PQHQKV0RJXZFY1DGX8MNSNYVE3VGZJSRTPGZGM.agent-wallet-v2

stdout | tests/agent-wallet-v2.test.ts > multi-agent > rejects adding duplicate agent
Error: Runtime error while interpreting ST1PQHQKV0RJXZFY1DGX8MNSNYVE3VGZJSRTPGZGM.agent-wallet-v2

stdout | tests/agent-wallet-v2.test.ts > multi-agent > rejects removing non-existent agent
Error: Runtime error while interpreting ST1PQHQKV0RJXZFY1DGX8MNSNYVE3VGZJSRTPGZGM.agent-wallet-v2

stdout | tests/agent-wallet-v2.test.ts > owner-management > set-active toggles kill switch
Error: Runtime error while interpreting ST1PQHQKV0RJXZFY1DGX8MNSNYVE3VGZJSRTPGZGM.agent-wallet-v2

stdout | tests/agent-wallet-v2.test.ts > owner-management > set-limits updates limits
Error: Runtime error while interpreting ST1PQHQKV0RJXZFY1DGX8MNSNYVE3VGZJSRTPGZGM.agent-wallet-v2

stdout | tests/agent-wallet-v2.test.ts > owner-management > set-limits rejects invalid
Error: Runtime error while interpreting ST1PQHQKV0RJXZFY1DGX8MNSNYVE3VGZJSRTPGZGM.agent-wallet-v2

stdout | tests/agent-wallet-v2.test.ts > owner-management > set-agent adds agent (backwards compat)
Error: Runtime error while interpreting ST1PQHQKV0RJXZFY1DGX8MNSNYVE3VGZJSRTPGZGM.agent-wallet-v2

stdout | tests/agent-wallet-v2.test.ts > owner-management > allow-service and disallow-service
Error: Runtime error while interpreting ST1PQHQKV0RJXZFY1DGX8MNSNYVE3VGZJSRTPGZGM.agent-wallet-v2

stdout | tests/agent-wallet-v2.test.ts > owner-management > management rejects without wallet
Error: Runtime error while interpreting ST1PQHQKV0RJXZFY1DGX8MNSNYVE3VGZJSRTPGZGM.agent-wallet-v2

stdout | tests/agent-wallet-v2.test.ts > read-only-helpers > get-balance returns 0 for no wallet
Error: Runtime error while interpreting ST1PQHQKV0RJXZFY1DGX8MNSNYVE3VGZJSRTPGZGM.agent-wallet-v2

stdout | tests/agent-wallet-v2.test.ts > read-only-helpers > get-daily-remaining returns remaining
Error: Runtime error while interpreting ST1PQHQKV0RJXZFY1DGX8MNSNYVE3VGZJSRTPGZGM.agent-wallet-v2

stdout | tests/agent-wallet-v2.test.ts > read-only-helpers > get-spend-nonce returns 0 for no spends
Error: Runtime error while interpreting ST1PQHQKV0RJXZFY1DGX8MNSNYVE3VGZJSRTPGZGM.agent-wallet-v2

stdout | tests/agent-wallet-v2.test.ts > read-only-helpers > get-spend-record returns none for no record
Error: Runtime error while interpreting ST1PQHQKV0RJXZFY1DGX8MNSNYVE3VGZJSRTPGZGM.agent-wallet-v2

stdout | tests/agent-wallet-v2.test.ts > read-only-helpers > is-service-allowed returns false for unknown
Error: Runtime error while interpreting ST1PQHQKV0RJXZFY1DGX8MNSNYVE3VGZJSRTPGZGM.agent-wallet-v2

 ❯ tests/agent-wallet-v2.test.ts (40 tests | 40 failed) 1580ms
   × create-wallet > creates a wallet with balance 0 37ms
     → Call contract function error: agent-wallet-v2::create-wallet('ST2CY5V39NHDPWSXMW9QDT3HC3GD6Q6XX4CFRK9AG, u1000, u100) -> Contract 'ST1PQHQKV0RJXZFY1DGX8MNSNYVE3VGZJSRTPGZGM.agent-wallet-v2' does not exist
   × create-wallet > rejects duplicate wallet creation 41ms
     → Call contract function error: agent-wallet-v2::create-wallet('ST2CY5V39NHDPWSXMW9QDT3HC3GD6Q6XX4CFRK9AG, u1000, u100) -> Contract 'ST1PQHQKV0RJXZFY1DGX8MNSNYVE3VGZJSRTPGZGM.agent-wallet-v2' does not exist
   × create-wallet > rejects zero daily limit 40ms
     → Call contract function error: agent-wallet-v2::create-wallet('ST2CY5V39NHDPWSXMW9QDT3HC3GD6Q6XX4CFRK9AG, u0, u100) -> Contract 'ST1PQHQKV0RJXZFY1DGX8MNSNYVE3VGZJSRTPGZGM.agent-wallet-v2' does not exist
   × create-wallet > rejects per-call limit greater than daily limit 38ms
     → Call contract function error: agent-wallet-v2::create-wallet('ST2CY5V39NHDPWSXMW9QDT3HC3GD6Q6XX4CFRK9AG, u100, u200) -> Contract 'ST1PQHQKV0RJXZFY1DGX8MNSNYVE3VGZJSRTPGZGM.agent-wallet-v2' does not exist
   × create-wallet > rejects zero per-call limit 37ms
     → Call contract function error: agent-wallet-v2::create-wallet('ST2CY5V39NHDPWSXMW9QDT3HC3GD6Q6XX4CFRK9AG, u1000, u0) -> Contract 'ST1PQHQKV0RJXZFY1DGX8MNSNYVE3VGZJSRTPGZGM.agent-wallet-v2' does not exist
   × deposit-withdraw > deposit increases escrow balance 38ms
     → Call contract function error: agent-wallet-v2::create-wallet('ST2CY5V39NHDPWSXMW9QDT3HC3GD6Q6XX4CFRK9AG, u1000, u100) -> Contract 'ST1PQHQKV0RJXZFY1DGX8MNSNYVE3VGZJSRTPGZGM.agent-wallet-v2' does not exist
   × deposit-withdraw > multiple deposits accumulate 41ms
     → Call contract function error: agent-wallet-v2::create-wallet('ST2CY5V39NHDPWSXMW9QDT3HC3GD6Q6XX4CFRK9AG, u1000, u100) -> Contract 'ST1PQHQKV0RJXZFY1DGX8MNSNYVE3VGZJSRTPGZGM.agent-wallet-v2' does not exist
   × deposit-withdraw > deposit rejects zero amount 38ms
     → Call contract function error: agent-wallet-v2::create-wallet('ST2CY5V39NHDPWSXMW9QDT3HC3GD6Q6XX4CFRK9AG, u1000, u100) -> Contract 'ST1PQHQKV0RJXZFY1DGX8MNSNYVE3VGZJSRTPGZGM.agent-wallet-v2' does not exist
   × deposit-withdraw > deposit rejects without wallet 37ms
     → Call contract function error: agent-wallet-v2::deposit(u1000) -> Contract 'ST1PQHQKV0RJXZFY1DGX8MNSNYVE3VGZJSRTPGZGM.agent-wallet-v2' does not exist
   × deposit-withdraw > withdraw decreases escrow balance 42ms
     → Call contract function error: agent-wallet-v2::create-wallet('ST2CY5V39NHDPWSXMW9QDT3HC3GD6Q6XX4CFRK9AG, u1000, u100) -> Contract 'ST1PQHQKV0RJXZFY1DGX8MNSNYVE3VGZJSRTPGZGM.agent-wallet-v2' does not exist
   × deposit-withdraw > withdraw rejects insufficient balance 52ms
     → Call contract function error: agent-wallet-v2::create-wallet('ST2CY5V39NHDPWSXMW9QDT3HC3GD6Q6XX4CFRK9AG, u1000, u100) -> Contract 'ST1PQHQKV0RJXZFY1DGX8MNSNYVE3VGZJSRTPGZGM.agent-wallet-v2' does not exist
   × deposit-withdraw > withdraw rejects zero amount 52ms
     → Call contract function error: agent-wallet-v2::create-wallet('ST2CY5V39NHDPWSXMW9QDT3HC3GD6Q6XX4CFRK9AG, u1000, u100) -> Contract 'ST1PQHQKV0RJXZFY1DGX8MNSNYVE3VGZJSRTPGZGM.agent-wallet-v2' does not exist
   × agent-pay > pays service from escrow and logs spend 43ms
     → Call contract function error: agent-wallet-v2::create-wallet('ST2CY5V39NHDPWSXMW9QDT3HC3GD6Q6XX4CFRK9AG, u1000, u100) -> Contract 'ST1PQHQKV0RJXZFY1DGX8MNSNYVE3VGZJSRTPGZGM.agent-wallet-v2' does not exist
   × agent-pay > rejects unauthorized agent 43ms
     → Call contract function error: agent-wallet-v2::create-wallet('ST2CY5V39NHDPWSXMW9QDT3HC3GD6Q6XX4CFRK9AG, u1000, u100) -> Contract 'ST1PQHQKV0RJXZFY1DGX8MNSNYVE3VGZJSRTPGZGM.agent-wallet-v2' does not exist
   × agent-pay > rejects inactive wallet (kill switch) 39ms
     → Call contract function error: agent-wallet-v2::create-wallet('ST2CY5V39NHDPWSXMW9QDT3HC3GD6Q6XX4CFRK9AG, u1000, u100) -> Contract 'ST1PQHQKV0RJXZFY1DGX8MNSNYVE3VGZJSRTPGZGM.agent-wallet-v2' does not exist
   × agent-pay > rejects insufficient escrow balance 40ms
     → Call contract function error: agent-wallet-v2::create-wallet('ST2CY5V39NHDPWSXMW9QDT3HC3GD6Q6XX4CFRK9AG, u10000, u10000) -> Contract 'ST1PQHQKV0RJXZFY1DGX8MNSNYVE3VGZJSRTPGZGM.agent-wallet-v2' does not exist
   × agent-pay > rejects non-allowlisted service 41ms
     → Call contract function error: agent-wallet-v2::create-wallet('ST2CY5V39NHDPWSXMW9QDT3HC3GD6Q6XX4CFRK9AG, u1000, u100) -> Contract 'ST1PQHQKV0RJXZFY1DGX8MNSNYVE3VGZJSRTPGZGM.agent-wallet-v2' does not exist
   × agent-pay > rejects amount exceeding per-call limit 39ms
     → Call contract function error: agent-wallet-v2::create-wallet('ST2CY5V39NHDPWSXMW9QDT3HC3GD6Q6XX4CFRK9AG, u1000, u100) -> Contract 'ST1PQHQKV0RJXZFY1DGX8MNSNYVE3VGZJSRTPGZGM.agent-wallet-v2' does not exist
   × agent-pay > rejects amount exceeding daily limit 38ms
     → Call contract function error: agent-wallet-v2::create-wallet('ST2CY5V39NHDPWSXMW9QDT3HC3GD6Q6XX4CFRK9AG, u200, u100) -> Contract 'ST1PQHQKV0RJXZFY1DGX8MNSNYVE3VGZJSRTPGZGM.agent-wallet-v2' does not exist
   × agent-pay > rejects zero amount 39ms
     → Call contract function error: agent-wallet-v2::create-wallet('ST2CY5V39NHDPWSXMW9QDT3HC3GD6Q6XX4CFRK9AG, u1000, u100) -> Contract 'ST1PQHQKV0RJXZFY1DGX8MNSNYVE3VGZJSRTPGZGM.agent-wallet-v2' does not exist
   × agent-pay > multiple agent-pays accumulate counters 39ms
     → Call contract function error: agent-wallet-v2::create-wallet('ST2CY5V39NHDPWSXMW9QDT3HC3GD6Q6XX4CFRK9AG, u500, u100) -> Contract 'ST1PQHQKV0RJXZFY1DGX8MNSNYVE3VGZJSRTPGZGM.agent-wallet-v2' does not exist
   × agent-pay > daily limit shared across agents 38ms
     → Call contract function error: agent-wallet-v2::create-wallet('ST2CY5V39NHDPWSXMW9QDT3HC3GD6Q6XX4CFRK9AG, u150, u100) -> Contract 'ST1PQHQKV0RJXZFY1DGX8MNSNYVE3VGZJSRTPGZGM.agent-wallet-v2' does not exist
   × validate-spend > returns ok for valid spend 37ms
     → Call contract function error: agent-wallet-v2::create-wallet('ST2CY5V39NHDPWSXMW9QDT3HC3GD6Q6XX4CFRK9AG, u1000, u100) -> Contract 'ST1PQHQKV0RJXZFY1DGX8MNSNYVE3VGZJSRTPGZGM.agent-wallet-v2' does not exist
   × validate-spend > rejects insufficient balance 36ms
     → Call contract function error: agent-wallet-v2::create-wallet('ST2CY5V39NHDPWSXMW9QDT3HC3GD6Q6XX4CFRK9AG, u10000, u10000) -> Contract 'ST1PQHQKV0RJXZFY1DGX8MNSNYVE3VGZJSRTPGZGM.agent-wallet-v2' does not exist
   × multi-agent > add-agent adds a second agent 36ms
     → Call contract function error: agent-wallet-v2::create-wallet('ST2CY5V39NHDPWSXMW9QDT3HC3GD6Q6XX4CFRK9AG, u1000, u100) -> Contract 'ST1PQHQKV0RJXZFY1DGX8MNSNYVE3VGZJSRTPGZGM.agent-wallet-v2' does not exist
   × multi-agent > second agent can agent-pay 40ms
     → Call contract function error: agent-wallet-v2::create-wallet('ST2CY5V39NHDPWSXMW9QDT3HC3GD6Q6XX4CFRK9AG, u1000, u100) -> Contract 'ST1PQHQKV0RJXZFY1DGX8MNSNYVE3VGZJSRTPGZGM.agent-wallet-v2' does not exist
   × multi-agent > remove-agent revokes authorization 40ms
     → Call contract function error: agent-wallet-v2::create-wallet('ST2CY5V39NHDPWSXMW9QDT3HC3GD6Q6XX4CFRK9AG, u1000, u100) -> Contract 'ST1PQHQKV0RJXZFY1DGX8MNSNYVE3VGZJSRTPGZGM.agent-wallet-v2' does not exist
   × multi-agent > rejects adding duplicate agent 37ms
     → Call contract function error: agent-wallet-v2::create-wallet('ST2CY5V39NHDPWSXMW9QDT3HC3GD6Q6XX4CFRK9AG, u1000, u100) -> Contract 'ST1PQHQKV0RJXZFY1DGX8MNSNYVE3VGZJSRTPGZGM.agent-wallet-v2' does not exist
   × multi-agent > rejects removing non-existent agent 37ms
     → Call contract function error: agent-wallet-v2::create-wallet('ST2CY5V39NHDPWSXMW9QDT3HC3GD6Q6XX4CFRK9AG, u1000, u100) -> Contract 'ST1PQHQKV0RJXZFY1DGX8MNSNYVE3VGZJSRTPGZGM.agent-wallet-v2' does not exist
   × owner-management > set-active toggles kill switch 42ms
     → Call contract function error: agent-wallet-v2::create-wallet('ST2CY5V39NHDPWSXMW9QDT3HC3GD6Q6XX4CFRK9AG, u1000, u100) -> Contract 'ST1PQHQKV0RJXZFY1DGX8MNSNYVE3VGZJSRTPGZGM.agent-wallet-v2' does not exist
   × owner-management > set-limits updates limits 39ms
     → Call contract function error: agent-wallet-v2::create-wallet('ST2CY5V39NHDPWSXMW9QDT3HC3GD6Q6XX4CFRK9AG, u1000, u100) -> Contract 'ST1PQHQKV0RJXZFY1DGX8MNSNYVE3VGZJSRTPGZGM.agent-wallet-v2' does not exist
   × owner-management > set-limits rejects invalid 38ms
     → Call contract function error: agent-wallet-v2::create-wallet('ST2CY5V39NHDPWSXMW9QDT3HC3GD6Q6XX4CFRK9AG, u1000, u100) -> Contract 'ST1PQHQKV0RJXZFY1DGX8MNSNYVE3VGZJSRTPGZGM.agent-wallet-v2' does not exist
   × owner-management > set-agent adds agent (backwards compat) 36ms
     → Call contract function error: agent-wallet-v2::create-wallet('ST2CY5V39NHDPWSXMW9QDT3HC3GD6Q6XX4CFRK9AG, u1000, u100) -> Contract 'ST1PQHQKV0RJXZFY1DGX8MNSNYVE3VGZJSRTPGZGM.agent-wallet-v2' does not exist
   × owner-management > allow-service and disallow-service 37ms
     → Call contract function error: agent-wallet-v2::create-wallet('ST2CY5V39NHDPWSXMW9QDT3HC3GD6Q6XX4CFRK9AG, u1000, u100) -> Contract 'ST1PQHQKV0RJXZFY1DGX8MNSNYVE3VGZJSRTPGZGM.agent-wallet-v2' does not exist
   × owner-management > management rejects without wallet 37ms
     → Call contract function error: agent-wallet-v2::set-active(false) -> Contract 'ST1PQHQKV0RJXZFY1DGX8MNSNYVE3VGZJSRTPGZGM.agent-wallet-v2' does not exist
   × read-only-helpers > get-balance returns 0 for no wallet 36ms
     → Call contract function error: agent-wallet-v2::get-balance('ST2NEB84ASENDXKYGJPQW86YXQCEFEX2ZQPG87ND) -> Contract 'ST1PQHQKV0RJXZFY1DGX8MNSNYVE3VGZJSRTPGZGM.agent-wallet-v2' does not exist
   × read-only-helpers > get-daily-remaining returns remaining 35ms
     → Call contract function error: agent-wallet-v2::create-wallet('ST2CY5V39NHDPWSXMW9QDT3HC3GD6Q6XX4CFRK9AG, u1000, u100) -> Contract 'ST1PQHQKV0RJXZFY1DGX8MNSNYVE3VGZJSRTPGZGM.agent-wallet-v2' does not exist
   × read-only-helpers > get-spend-nonce returns 0 for no spends 36ms
     → Call contract function error: agent-wallet-v2::get-spend-nonce('ST2NEB84ASENDXKYGJPQW86YXQCEFEX2ZQPG87ND) -> Contract 'ST1PQHQKV0RJXZFY1DGX8MNSNYVE3VGZJSRTPGZGM.agent-wallet-v2' does not exist
   × read-only-helpers > get-spend-record returns none for no record 36ms
     → Call contract function error: agent-wallet-v2::get-spend-record('ST2NEB84ASENDXKYGJPQW86YXQCEFEX2ZQPG87ND, u0) -> Contract 'ST1PQHQKV0RJXZFY1DGX8MNSNYVE3VGZJSRTPGZGM.agent-wallet-v2' does not exist
   × read-only-helpers > is-service-allowed returns false for unknown 52ms
     → Call contract function error: agent-wallet-v2::create-wallet('ST2CY5V39NHDPWSXMW9QDT3HC3GD6Q6XX4CFRK9AG, u1000, u100) -> Contract 'ST1PQHQKV0RJXZFY1DGX8MNSNYVE3VGZJSRTPGZGM.agent-wallet-v2' does not exist
 ✓ tests/service-registry.test.ts (22 tests) 838ms
 ✓ frontend/src/__tests__/contracts.test.ts (14 tests) 621ms

 Test Files  2 failed | 3 passed (5)
      Tests  85 failed | 82 passed (167)
   Start at  04:45:20
   Duration  13.99s (transform 270ms, setup 130ms, collect 567ms, tests 7.95s, environment 4.54s, prepare 483ms)



STDERR:
stderr | tests/agent-wallet-v3.test.ts > create-wallet > creates an isolated wallet for an agent with balance 0
Error: Runtime error while interpreting ST1PQHQKV0RJXZFY1DGX8MNSNYVE3VGZJSRTPGZGM.agent-wallet-v3

stderr | tests/agent-wallet-v3.test.ts > create-wallet > rejects duplicate wallet creation for the same agent
Error: Runtime error while interpreting ST1PQHQKV0RJXZFY1DGX8MNSNYVE3VGZJSRTPGZGM.agent-wallet-v3

stderr | tests/agent-wallet-v3.test.ts > create-wallet > allows creating wallets for multiple agents
Error: Runtime error while interpreting ST1PQHQKV0RJXZFY1DGX8MNSNYVE3VGZJSRTPGZGM.agent-wallet-v3

stderr | tests/agent-wallet-v3.test.ts > create-wallet > rejects zero daily limit
Error: Runtime error while interpreting ST1PQHQKV0RJXZFY1DGX8MNSNYVE3VGZJSRTPGZGM.agent-wallet-v3

stderr | tests/agent-wallet-v3.test.ts > create-wallet > rejects per-call limit greater than daily limit
Error: Runtime error while interpreting ST1PQHQKV0RJXZFY1DGX8MNSNYVE3VGZJSRTPGZGM.agent-wallet-v3

stderr | tests/agent-wallet-v3.test.ts > deposit-withdraw > deposit increases agent's isolated escrow balance
Error: Runtime error while interpreting ST1PQHQKV0RJXZFY1DGX8MNSNYVE3VGZJSRTPGZGM.agent-wallet-v3

stderr | tests/agent-wallet-v3.test.ts > deposit-withdraw > deposit to different agents remains isolated
Error: Runtime error while interpreting ST1PQHQKV0RJXZFY1DGX8MNSNYVE3VGZJSRTPGZGM.agent-wallet-v3

stderr | tests/agent-wallet-v3.test.ts > deposit-withdraw > deposit rejects zero amount
Error: Runtime error while interpreting ST1PQHQKV0RJXZFY1DGX8MNSNYVE3VGZJSRTPGZGM.agent-wallet-v3

stderr | tests/agent-wallet-v3.test.ts > deposit-withdraw > deposit rejects without wallet
Error: Runtime error while interpreting ST1PQHQKV0RJXZFY1DGX8MNSNYVE3VGZJSRTPGZGM.agent-wallet-v3

stderr | tests/agent-wallet-v3.test.ts > deposit-withdraw > withdraw decreases agent's escrow balance
Error: Runtime error while interpreting ST1PQHQKV0RJXZFY1DGX8MNSNYVE3VGZJSRTPGZGM.agent-wallet-v3

stderr | tests/agent-wallet-v3.test.ts > deposit-withdraw > withdraw rejects insufficient balance
Error: Runtime error while interpreting ST1PQHQKV0RJXZFY1DGX8MNSNYVE3VGZJSRTPGZGM.agent-wallet-v3

stderr | tests/agent-wallet-v3.test.ts > operator-management > owner registers an operator
Error: Runtime error while interpreting ST1PQHQKV0RJXZFY1DGX8MNSNYVE3VGZJSRTPGZGM.agent-wallet-v3

stderr | tests/agent-wallet-v3.test.ts > operator-management > owner revokes operator
Error: Runtime error while interpreting ST1PQHQKV0RJXZFY1DGX8MNSNYVE3VGZJSRTPGZGM.agent-wallet-v3

stderr | tests/agent-wallet-v3.test.ts > operator-management > revoke-operator fails when no operator is set
Error: Runtime error while interpreting ST1PQHQKV0RJXZFY1DGX8MNSNYVE3VGZJSRTPGZGM.agent-wallet-v3

stderr | tests/agent-wallet-v3.test.ts > operator-management > owner can replace operator by re-registering
Error: Runtime error while interpreting ST1PQHQKV0RJXZFY1DGX8MNSNYVE3VGZJSRTPGZGM.agent-wallet-v3

stderr | tests/agent-wallet-v3.test.ts > agent-pay > operator pays service from agent's escrow and logs spend with fee
Error: Runtime error while interpreting ST1PQHQKV0RJXZFY1DGX8MNSNYVE3VGZJSRTPGZGM.agent-wallet-v3

stderr | tests/agent-wallet-v3.test.ts > agent-pay > platform fee calculation: remainder goes to service
Error: Runtime error while interpreting ST1PQHQKV0RJXZFY1DGX8MNSNYVE3VGZJSRTPGZGM.agent-wallet-v3

stderr | tests/agent-wallet-v3.test.ts > agent-pay > platform fee with larger amount: 1000 -> fee=20, service=980
Error: Runtime error while interpreting ST1PQHQKV0RJXZFY1DGX8MNSNYVE3VGZJSRTPGZGM.agent-wallet-v3

stderr | tests/agent-wallet-v3.test.ts > agent-pay > rejects unregistered operator (ERR-NOT-AUTHORIZED)
Error: Runtime error while interpreting ST1PQHQKV0RJXZFY1DGX8MNSNYVE3VGZJSRTPGZGM.agent-wallet-v3

stderr | tests/agent-wallet-v3.test.ts > agent-pay > rejects wrong operator (registered for different owner)
Error: Runtime error while interpreting ST1PQHQKV0RJXZFY1DGX8MNSNYVE3VGZJSRTPGZGM.agent-wallet-v3

stderr | tests/agent-wallet-v3.test.ts > agent-pay > rejects agent as caller when ALLOW_AGENT_CALLERS is false
Error: Runtime error while interpreting ST1PQHQKV0RJXZFY1DGX8MNSNYVE3VGZJSRTPGZGM.agent-wallet-v3

stderr | tests/agent-wallet-v3.test.ts > agent-pay > rejects inactive wallet (kill switch)
Error: Runtime error while interpreting ST1PQHQKV0RJXZFY1DGX8MNSNYVE3VGZJSRTPGZGM.agent-wallet-v3

stderr | tests/agent-wallet-v3.test.ts > agent-pay > rejects insufficient escrow balance
Error: Runtime error while interpreting ST1PQHQKV0RJXZFY1DGX8MNSNYVE3VGZJSRTPGZGM.agent-wallet-v3

stderr | tests/agent-wallet-v3.test.ts > agent-pay > rejects non-allowlisted service
Error: Runtime error while interpreting ST1PQHQKV0RJXZFY1DGX8MNSNYVE3VGZJSRTPGZGM.agent-wallet-v3

stderr | tests/agent-wallet-v3.test.ts > agent-pay > multiple agent-pays accumulate counters
Error: Runtime error while interpreting ST1PQHQKV0RJXZFY1DGX8MNSNYVE3VGZJSRTPGZGM.agent-wallet-v3

stderr | tests/agent-wallet-v3.test.ts > owner-management > remove-agent rejects when balance > 0
Error: Runtime error while interpreting ST1PQHQKV0RJXZFY1DGX8MNSNYVE3VGZJSRTPGZGM.agent-wallet-v3

stderr | tests/agent-wallet-v3.test.ts > owner-management > remove-agent succeeds after withdrawing all funds
Error: Runtime error while interpreting ST1PQHQKV0RJXZFY1DGX8MNSNYVE3VGZJSRTPGZGM.agent-wallet-v3

stderr | tests/agent-wallet-v3.test.ts > owner-management > remove-agent succeeds when created with zero deposit
Error: Runtime error while interpreting ST1PQHQKV0RJXZFY1DGX8MNSNYVE3VGZJSRTPGZGM.agent-wallet-v3

stderr | tests/agent-wallet-v3.test.ts > owner-management > allow-service and disallow-service per-agent
Error: Runtime error while interpreting ST1PQHQKV0RJXZFY1DGX8MNSNYVE3VGZJSRTPGZGM.agent-wallet-v3

stderr | tests/agent-wallet-v3.test.ts > validate-spend > returns ok for valid spend
Error: Runtime error while interpreting ST1PQHQKV0RJXZFY1DGX8MNSNYVE3VGZJSRTPGZGM.agent-wallet-v3

stderr | tests/agent-wallet-v3.test.ts > validate-spend > rejects insufficient balance
Error: Runtime error while interpreting ST1PQHQKV0RJXZFY1DGX8MNSNYVE3VGZJSRTPGZGM.agent-wallet-v3

stderr | tests/agent-wallet-v3.test.ts > validate-spend > rejects inactive wallet
Error: Runtime error while interpreting ST1PQHQKV0RJXZFY1DGX8MNSNYVE3VGZJSRTPGZGM.agent-wallet-v3

stderr | tests/agent-wallet-v3.test.ts > limits-and-active > set-active toggles kill switch for specific agent
Error: Runtime error while interpreting ST1PQHQKV0RJXZFY1DGX8MNSNYVE3VGZJSRTPGZGM.agent-wallet-v3

stderr | tests/agent-wallet-v3.test.ts > limits-and-active > set-limits updates limits for specific agent
Error: Runtime error while interpreting ST1PQHQKV0RJXZFY1DGX8MNSNYVE3VGZJSRTPGZGM.agent-wallet-v3

stderr | tests/agent-wallet-v3.test.ts > limits-and-active > set-limits rejects invalid limits
Error: Runtime error while interpreting ST1PQHQKV0RJXZFY1DGX8MNSNYVE3VGZJSRTPGZGM.agent-wallet-v3

stderr | tests/agent-wallet-v3.test.ts > limits-and-active > management rejects without owner signature
Error: Runtime error while interpreting ST1PQHQKV0RJXZFY1DGX8MNSNYVE3VGZJSRTPGZGM.agent-wallet-v3

stderr | tests/agent-wallet-v3.test.ts > read-only-helpers > get-balance returns 0 for no wallet
Error: Runtime error while interpreting ST1PQHQKV0RJXZFY1DGX8MNSNYVE3VGZJSRTPGZGM.agent-wallet-v3

stderr | tests/agent-wallet-v3.test.ts > read-only-helpers > get-daily-remaining returns remaining for specific agent
Error: Runtime error while interpreting ST1PQHQKV0RJXZFY1DGX8MNSNYVE3VGZJSRTPGZGM.agent-wallet-v3

stderr | tests/agent-wallet-v3.test.ts > read-only-helpers > get-spend-nonce returns 0 for no spends
Error: Runtime error while interpreting ST1PQHQKV0RJXZFY1DGX8MNSNYVE3VGZJSRTPGZGM.agent-wallet-v3

stderr | tests/agent-wallet-v3.test.ts > read-only-helpers > get-spend-record returns none for no record
Error: Runtime error while interpreting ST1PQHQKV0RJXZFY1DGX8MNSNYVE3VGZJSRTPGZGM.agent-wallet-v3

stderr | tests/agent-wallet-v3.test.ts > read-only-helpers > is-service-allowed returns false for unknown
Error: Runtime error while interpreting ST1PQHQKV0RJXZFY1DGX8MNSNYVE3VGZJSRTPGZGM.agent-wallet-v3

stderr | tests/agent-wallet-v3.test.ts > read-only-helpers > get-platform-address returns deployer
Error: Runtime error while interpreting ST1PQHQKV0RJXZFY1DGX8MNSNYVE3VGZJSRTPGZGM.agent-wallet-v3

stderr | tests/agent-wallet-v3.test.ts > read-only-helpers > get-platform-fee-bps returns 200
Error: Runtime error while interpreting ST1PQHQKV0RJXZFY1DGX8MNSNYVE3VGZJSRTPGZGM.agent-wallet-v3

stderr | tests/agent-wallet-v3.test.ts > platform-admin > deployer can change platform address
Error: Runtime error while interpreting ST1PQHQKV0RJXZFY1DGX8MNSNYVE3VGZJSRTPGZGM.agent-wallet-v3

stderr | tests/agent-wallet-v3.test.ts > platform-admin > non-admin cannot change platform address
Error: Runtime error while interpreting ST1PQHQKV0RJXZFY1DGX8MNSNYVE3VGZJSRTPGZGM.agent-wallet-v3

stderr | tests/agent-wallet-v2.test.ts > create-wallet > creates a wallet with balance 0
Error: Runtime error while interpreting ST1PQHQKV0RJXZFY1DGX8MNSNYVE3VGZJSRTPGZGM.agent-wallet-v2

stderr | tests/agent-wallet-v2.test.ts > create-wallet > rejects duplicate wallet creation
Error: Runtime error while interpreting ST1PQHQKV0RJXZFY1DGX8MNSNYVE3VGZJSRTPGZGM.agent-wallet-v2

stderr | tests/agent-wallet-v2.test.ts > create-wallet > rejects zero daily limit
Error: Runtime error while interpreting ST1PQHQKV0RJXZFY1DGX8MNSNYVE3VGZJSRTPGZGM.agent-wallet-v2

stderr | tests/agent-wallet-v2.test.ts > create-wallet > rejects per-call limit greater than daily limit
Error: Runtime error while interpreting ST1PQHQKV0RJXZFY1DGX8MNSNYVE3VGZJSRTPGZGM.agent-wallet-v2

stderr | tests/agent-wallet-v2.test.ts > create-wallet > rejects zero per-call limit
Error: Runtime error while interpreting ST1PQHQKV0RJXZFY1DGX8MNSNYVE3VGZJSRTPGZGM.agent-wallet-v2

stderr | tests/agent-wallet-v2.test.ts > deposit-withdraw > deposit increases escrow balance
Error: Runtime error while interpreting ST1PQHQKV0RJXZFY1DGX8MNSNYVE3VGZJSRTPGZGM.agent-wallet-v2

stderr | tests/agent-wallet-v2.test.ts > deposit-withdraw > multiple deposits accumulate
Error: Runtime error while interpreting ST1PQHQKV0RJXZFY1DGX8MNSNYVE3VGZJSRTPGZGM.agent-wallet-v2

stderr | tests/agent-wallet-v2.test.ts > deposit-withdraw > deposit rejects zero amount
Error: Runtime error while interpreting ST1PQHQKV0RJXZFY1DGX8MNSNYVE3VGZJSRTPGZGM.agent-wallet-v2

stderr | tests/agent-wallet-v2.test.ts > deposit-withdraw > deposit rejects without wallet
Error: Runtime error while interpreting ST1PQHQKV0RJXZFY1DGX8MNSNYVE3VGZJSRTPGZGM.agent-wallet-v2

stderr | tests/agent-wallet-v2.test.ts > deposit-withdraw > withdraw decreases escrow balance
Error: Runtime error while interpreting ST1PQHQKV0RJXZFY1DGX8MNSNYVE3VGZJSRTPGZGM.agent-wallet-v2

stderr | tests/agent-wallet-v2.test.ts > deposit-withdraw > withdraw rejects insufficient balance
Error: Runtime error while interpreting ST1PQHQKV0RJXZFY1DGX8MNSNYVE3VGZJSRTPGZGM.agent-wallet-v2

stderr | tests/agent-wallet-v2.test.ts > deposit-withdraw > withdraw rejects zero amount
Error: Runtime error while interpreting ST1PQHQKV0RJXZFY1DGX8MNSNYVE3VGZJSRTPGZGM.agent-wallet-v2

stderr | tests/agent-wallet-v2.test.ts > agent-pay > pays service from escrow and logs spend
Error: Runtime error while interpreting ST1PQHQKV0RJXZFY1DGX8MNSNYVE3VGZJSRTPGZGM.agent-wallet-v2

stderr | tests/agent-wallet-v2.test.ts > agent-pay > rejects unauthorized agent
Error: Runtime error while interpreting ST1PQHQKV0RJXZFY1DGX8MNSNYVE3VGZJSRTPGZGM.agent-wallet-v2

stderr | tests/agent-wallet-v2.test.ts > agent-pay > rejects inactive wallet (kill switch)
Error: Runtime error while interpreting ST1PQHQKV0RJXZFY1DGX8MNSNYVE3VGZJSRTPGZGM.agent-wallet-v2

stderr | tests/agent-wallet-v2.test.ts > agent-pay > rejects insufficient escrow balance
Error: Runtime error while interpreting ST1PQHQKV0RJXZFY1DGX8MNSNYVE3VGZJSRTPGZGM.agent-wallet-v2

stderr | tests/agent-wallet-v2.test.ts > agent-pay > rejects non-allowlisted service
Error: Runtime error while interpreting ST1PQHQKV0RJXZFY1DGX8MNSNYVE3VGZJSRTPGZGM.agent-wallet-v2

stderr | tests/agent-wallet-v2.test.ts > agent-pay > rejects amount exceeding per-call limit
Error: Runtime error while interpreting ST1PQHQKV0RJXZFY1DGX8MNSNYVE3VGZJSRTPGZGM.agent-wallet-v2

stderr | tests/agent-wallet-v2.test.ts > agent-pay > rejects amount exceeding daily limit
Error: Runtime error while interpreting ST1PQHQKV0RJXZFY1DGX8MNSNYVE3VGZJSRTPGZGM.agent-wallet-v2

stderr | tests/agent-wallet-v2.test.ts > agent-pay > rejects zero amount
Error: Runtime error while interpreting ST1PQHQKV0RJXZFY1DGX8MNSNYVE3VGZJSRTPGZGM.agent-wallet-v2

stderr | tests/agent-wallet-v2.test.ts > agent-pay > multiple agent-pays accumulate counters
Error: Runtime error while interpreting ST1PQHQKV0RJXZFY1DGX8MNSNYVE3VGZJSRTPGZGM.agent-wallet-v2

stderr | tests/agent-wallet-v2.test.ts > agent-pay > daily limit shared across agents
Error: Runtime error while interpreting ST1PQHQKV0RJXZFY1DGX8MNSNYVE3VGZJSRTPGZGM.agent-wallet-v2

stderr | tests/agent-wallet-v2.test.ts > validate-spend > returns ok for valid spend
Error: Runtime error while interpreting ST1PQHQKV0RJXZFY1DGX8MNSNYVE3VGZJSRTPGZGM.agent-wallet-v2

stderr | tests/agent-wallet-v2.test.ts > validate-spend > rejects insufficient balance
Error: Runtime error while interpreting ST1PQHQKV0RJXZFY1DGX8MNSNYVE3VGZJSRTPGZGM.agent-wallet-v2

stderr | tests/agent-wallet-v2.test.ts > multi-agent > add-agent adds a second agent
Error: Runtime error while interpreting ST1PQHQKV0RJXZFY1DGX8MNSNYVE3VGZJSRTPGZGM.agent-wallet-v2

stderr | tests/agent-wallet-v2.test.ts > multi-agent > second agent can agent-pay
Error: Runtime error while interpreting ST1PQHQKV0RJXZFY1DGX8MNSNYVE3VGZJSRTPGZGM.agent-wallet-v2

stderr | tests/agent-wallet-v2.test.ts > multi-agent > remove-agent revokes authorization
Error: Runtime error while interpreting ST1PQHQKV0RJXZFY1DGX8MNSNYVE3VGZJSRTPGZGM.agent-wallet-v2

stderr | tests/agent-wallet-v2.test.ts > multi-agent > rejects adding duplicate agent
Error: Runtime error while interpreting ST1PQHQKV0RJXZFY1DGX8MNSNYVE3VGZJSRTPGZGM.agent-wallet-v2

stderr | tests/agent-wallet-v2.test.ts > multi-agent > rejects removing non-existent agent
Error: Runtime error while interpreting ST1PQHQKV0RJXZFY1DGX8MNSNYVE3VGZJSRTPGZGM.agent-wallet-v2

stderr | tests/agent-wallet-v2.test.ts > owner-management > set-active toggles kill switch
Error: Runtime error while interpreting ST1PQHQKV0RJXZFY1DGX8MNSNYVE3VGZJSRTPGZGM.agent-wallet-v2

stderr | tests/agent-wallet-v2.test.ts > owner-management > set-limits updates limits
Error: Runtime error while interpreting ST1PQHQKV0RJXZFY1DGX8MNSNYVE3VGZJSRTPGZGM.agent-wallet-v2

stderr | tests/agent-wallet-v2.test.ts > owner-management > set-limits rejects invalid
Error: Runtime error while interpreting ST1PQHQKV0RJXZFY1DGX8MNSNYVE3VGZJSRTPGZGM.agent-wallet-v2

stderr | tests/agent-wallet-v2.test.ts > owner-management > set-agent adds agent (backwards compat)
Error: Runtime error while interpreting ST1PQHQKV0RJXZFY1DGX8MNSNYVE3VGZJSRTPGZGM.agent-wallet-v2

stderr | tests/agent-wallet-v2.test.ts > owner-management > allow-service and disallow-service
Error: Runtime error while interpreting ST1PQHQKV0RJXZFY1DGX8MNSNYVE3VGZJSRTPGZGM.agent-wallet-v2

stderr | tests/agent-wallet-v2.test.ts > owner-management > management rejects without wallet
Error: Runtime error while interpreting ST1PQHQKV0RJXZFY1DGX8MNSNYVE3VGZJSRTPGZGM.agent-wallet-v2

stderr | tests/agent-wallet-v2.test.ts > read-only-helpers > get-balance returns 0 for no wallet
Error: Runtime error while interpreting ST1PQHQKV0RJXZFY1DGX8MNSNYVE3VGZJSRTPGZGM.agent-wallet-v2

stderr | tests/agent-wallet-v2.test.ts > read-only-helpers > get-daily-remaining returns remaining
Error: Runtime error while interpreting ST1PQHQKV0RJXZFY1DGX8MNSNYVE3VGZJSRTPGZGM.agent-wallet-v2

stderr | tests/agent-wallet-v2.test.ts > read-only-helpers > get-spend-nonce returns 0 for no spends
Error: Runtime error while interpreting ST1PQHQKV0RJXZFY1DGX8MNSNYVE3VGZJSRTPGZGM.agent-wallet-v2

stderr | tests/agent-wallet-v2.test.ts > read-only-helpers > get-spend-record returns none for no record
Error: Runtime error while interpreting ST1PQHQKV0RJXZFY1DGX8MNSNYVE3VGZJSRTPGZGM.agent-wallet-v2

stderr | tests/agent-wallet-v2.test.ts > read-only-helpers > is-service-allowed returns false for unknown
Error: Runtime error while interpreting ST1PQHQKV0RJXZFY1DGX8MNSNYVE3VGZJSRTPGZGM.agent-wallet-v2


⎯⎯⎯⎯⎯⎯ Failed Tests 85 ⎯⎯⎯⎯⎯⎯⎯

 FAIL  tests/agent-wallet-v2.test.ts > create-wallet > creates a wallet with balance 0
Unknown Error: Call contract function error: agent-wallet-v2::create-wallet('ST2CY5V39NHDPWSXMW9QDT3HC3GD6Q6XX4CFRK9AG, u1000, u100) -> Contract 'ST1PQHQKV0RJXZFY1DGX8MNSNYVE3VGZJSRTPGZGM.agent-wallet-v2' does not exist
⎯⎯⎯⎯⎯⎯⎯⎯⎯⎯⎯⎯⎯⎯⎯⎯⎯⎯⎯⎯⎯⎯⎯[1/85]⎯

 FAIL  tests/agent-wallet-v2.test.ts > create-wallet > rejects duplicate wallet creation
Unknown Error: Call contract function error: agent-wallet-v2::create-wallet('ST2CY5V39NHDPWSXMW9QDT3HC3GD6Q6XX4CFRK9AG, u1000, u100) -> Contract 'ST1PQHQKV0RJXZFY1DGX8MNSNYVE3VGZJSRTPGZGM.agent-wallet-v2' does not exist
⎯⎯⎯⎯⎯⎯⎯⎯⎯⎯⎯⎯⎯⎯⎯⎯⎯⎯⎯⎯⎯⎯⎯[2/85]⎯

 FAIL  tests/agent-wallet-v2.test.ts > create-wallet > rejects zero daily limit
Unknown Error: Call contract function error: agent-wallet-v2::create-wallet('ST2CY5V39NHDPWSXMW9QDT3HC3GD6Q6XX4CFRK9AG, u0, u100) -> Contract 'ST1PQHQKV0RJXZFY1DGX8MNSNYVE3VGZJSRTPGZGM.agent-wallet-v2' does not exist
⎯⎯⎯⎯⎯⎯⎯⎯⎯⎯⎯⎯⎯⎯⎯⎯⎯⎯⎯⎯⎯⎯⎯[3/85]⎯

 FAIL  tests/agent-wallet-v2.test.ts > create-wallet > rejects per-call limit greater than daily limit
Unknown Error: Call contract function error: agent-wallet-v2::create-wallet('ST2CY5V39NHDPWSXMW9QDT3HC3GD6Q6XX4CFRK9AG, u100, u200) -> Contract 'ST1PQHQKV0RJXZFY1DGX8MNSNYVE3VGZJSRTPGZGM.agent-wallet-v2' does not exist
⎯⎯⎯⎯⎯⎯⎯⎯⎯⎯⎯⎯⎯⎯⎯⎯⎯⎯⎯⎯⎯⎯⎯[4/85]⎯

 FAIL  tests/agent-wallet-v2.test.ts > create-wallet > rejects zero per-call limit
Unknown Error: Call contract function error: agent-wallet-v2::create-wallet('ST2CY5V39NHDPWSXMW9QDT3HC3GD6Q6XX4CFRK9AG, u1000, u0) -> Contract 'ST1PQHQKV0RJXZFY1DGX8MNSNYVE3VGZJSRTPGZGM.agent-wallet-v2' does not exist
⎯⎯⎯⎯⎯⎯⎯⎯⎯⎯⎯⎯⎯⎯⎯⎯⎯⎯⎯⎯⎯⎯⎯[5/85]⎯

 FAIL  tests/agent-wallet-v2.test.ts > deposit-withdraw > deposit increases escrow balance
Unknown Error: Call contract function error: agent-wallet-v2::create-wallet('ST2CY5V39NHDPWSXMW9QDT3HC3GD6Q6XX4CFRK9AG, u1000, u100) -> Contract 'ST1PQHQKV0RJXZFY1DGX8MNSNYVE3VGZJSRTPGZGM.agent-wallet-v2' does not exist
⎯⎯⎯⎯⎯⎯⎯⎯⎯⎯⎯⎯⎯⎯⎯⎯⎯⎯⎯⎯⎯⎯⎯[6/85]⎯

 FAIL  tests/agent-wallet-v2.test.ts > deposit-withdraw > multiple deposits accumulate
Unknown Error: Call contract function error: agent-wallet-v2::create-wallet('ST2CY5V39NHDPWSXMW9QDT3HC3GD6Q6XX4CFRK9AG, u1000, u100) -> Contract 'ST1PQHQKV0RJXZFY1DGX8MNSNYVE3VGZJSRTPGZGM.agent-wallet-v2' does not exist
⎯⎯⎯⎯⎯⎯⎯⎯⎯⎯⎯⎯⎯⎯⎯⎯⎯⎯⎯⎯⎯⎯⎯[7/85]⎯

 FAIL  tests/agent-wallet-v2.test.ts > deposit-withdraw > deposit rejects zero amount
Unknown Error: Call contract function error: agent-wallet-v2::create-wallet('ST2CY5V39NHDPWSXMW9QDT3HC3GD6Q6XX4CFRK9AG, u1000, u100) -> Contract 'ST1PQHQKV0RJXZFY1DGX8MNSNYVE3VGZJSRTPGZGM.agent-wallet-v2' does not exist
⎯⎯⎯⎯⎯⎯⎯⎯⎯⎯⎯⎯⎯⎯⎯⎯⎯⎯⎯⎯⎯⎯⎯[8/85]⎯

 FAIL  tests/agent-wallet-v2.test.ts > deposit-withdraw > deposit rejects without wallet
Unknown Error: Call contract function error: agent-wallet-v2::deposit(u1000) -> Contract 'ST1PQHQKV0RJXZFY1DGX8MNSNYVE3VGZJSRTPGZGM.agent-wallet-v2' does not exist
⎯⎯⎯⎯⎯⎯⎯⎯⎯⎯⎯⎯⎯⎯⎯⎯⎯⎯⎯⎯⎯⎯⎯[9/85]⎯

 FAIL  tests/agent-wallet-v2.test.ts > deposit-withdraw > withdraw decreases escrow balance
Unknown Error: Call contract function error: agent-wallet-v2::create-wallet('ST2CY5V39NHDPWSXMW9QDT3HC3GD6Q6XX4CFRK9AG, u1000, u100) -> Contract 'ST1PQHQKV0RJXZFY1DGX8MNSNYVE3VGZJSRTPGZGM.agent-wallet-v2' does not exist
⎯⎯⎯⎯⎯⎯⎯⎯⎯⎯⎯⎯⎯⎯⎯⎯⎯⎯⎯⎯⎯⎯[10/85]⎯

 FAIL  tests/agent-wallet-v2.test.ts > deposit-withdraw > withdraw rejects insufficient balance
Unknown Error: Call contract function error: agent-wallet-v2::create-wallet('ST2CY5V39NHDPWSXMW9QDT3HC3GD6Q6XX4CFRK9AG, u1000, u100) -> Contract 'ST1PQHQKV0RJXZFY1DGX8MNSNYVE3VGZJSRTPGZGM.agent-wallet-v2' does not exist
⎯⎯⎯⎯⎯⎯⎯⎯⎯⎯⎯⎯⎯⎯⎯⎯⎯⎯⎯⎯⎯⎯[11/85]⎯

 FAIL  tests/agent-wallet-v2.test.ts > deposit-withdraw > withdraw rejects zero amount
Unknown Error: Call contract function error: agent-wallet-v2::create-wallet('ST2CY5V39NHDPWSXMW9QDT3HC3GD6Q6XX4CFRK9AG, u1000, u100) -> Contract 'ST1PQHQKV0RJXZFY1DGX8MNSNYVE3VGZJSRTPGZGM.agent-wallet-v2' does not exist
⎯⎯⎯⎯⎯⎯⎯⎯⎯⎯⎯⎯⎯⎯⎯⎯⎯⎯⎯⎯⎯⎯[12/85]⎯

 FAIL  tests/agent-wallet-v2.test.ts > agent-pay > pays service from escrow and logs spend
Unknown Error: Call contract function error: agent-wallet-v2::create-wallet('ST2CY5V39NHDPWSXMW9QDT3HC3GD6Q6XX4CFRK9AG, u1000, u100) -> Contract 'ST1PQHQKV0RJXZFY1DGX8MNSNYVE3VGZJSRTPGZGM.agent-wallet-v2' does not exist
⎯⎯⎯⎯⎯⎯⎯⎯⎯⎯⎯⎯⎯⎯⎯⎯⎯⎯⎯⎯⎯⎯[13/85]⎯

 FAIL  tests/agent-wallet-v2.test.ts > agent-pay > rejects unauthorized agent
Unknown Error: Call contract function error: agent-wallet-v2::create-wallet('ST2CY5V39NHDPWSXMW9QDT3HC3GD6Q6XX4CFRK9AG, u1000, u100) -> Contract 'ST1PQHQKV0RJXZFY1DGX8MNSNYVE3VGZJSRTPGZGM.agent-wallet-v2' does not exist
⎯⎯⎯⎯⎯⎯⎯⎯⎯⎯⎯⎯⎯⎯⎯⎯⎯⎯⎯⎯⎯⎯[14/85]⎯

 FAIL  tests/agent-wallet-v2.test.ts > agent-pay > rejects inactive wallet (kill switch)
Unknown Error: Call contract function error: agent-wallet-v2::create-wallet('ST2CY5V39NHDPWSXMW9QDT3HC3GD6Q6XX4CFRK9AG, u1000, u100) -> Contract 'ST1PQHQKV0RJXZFY1DGX8MNSNYVE3VGZJSRTPGZGM.agent-wallet-v2' does not exist
⎯⎯⎯⎯⎯⎯⎯⎯⎯⎯⎯⎯⎯⎯⎯⎯⎯⎯⎯⎯⎯⎯[15/85]⎯

 FAIL  tests/agent-wallet-v2.test.ts > agent-pay > rejects insufficient escrow balance
Unknown Error: Call contract function error: agent-wallet-v2::create-wallet('ST2CY5V39NHDPWSXMW9QDT3HC3GD6Q6XX4CFRK9AG, u10000, u10000) -> Contract 'ST1PQHQKV0RJXZFY1DGX8MNSNYVE3VGZJSRTPGZGM.agent-wallet-v2' does not exist
⎯⎯⎯⎯⎯⎯⎯⎯⎯⎯⎯⎯⎯⎯⎯⎯⎯⎯⎯⎯⎯⎯[16/85]⎯

 FAIL  tests/agent-wallet-v2.test.ts > agent-pay > rejects non-allowlisted service
Unknown Error: Call contract function error: agent-wallet-v2::create-wallet('ST2CY5V39NHDPWSXMW9QDT3HC3GD6Q6XX4CFRK9AG, u1000, u100) -> Contract 'ST1PQHQKV0RJXZFY1DGX8MNSNYVE3VGZJSRTPGZGM.agent-wallet-v2' does not exist
⎯⎯⎯⎯⎯⎯⎯⎯⎯⎯⎯⎯⎯⎯⎯⎯⎯⎯⎯⎯⎯⎯[17/85]⎯

 FAIL  tests/agent-wallet-v2.test.ts > agent-pay > rejects amount exceeding per-call limit
Unknown Error: Call contract function error: agent-wallet-v2::create-wallet('ST2CY5V39NHDPWSXMW9QDT3HC3GD6Q6XX4CFRK9AG, u1000, u100) -> Contract 'ST1PQHQKV0RJXZFY1DGX8MNSNYVE3VGZJSRTPGZGM.agent-wallet-v2' does not exist
⎯⎯⎯⎯⎯⎯⎯⎯⎯⎯⎯⎯⎯⎯⎯⎯⎯⎯⎯⎯⎯⎯[18/85]⎯

 FAIL  tests/agent-wallet-v2.test.ts > agent-pay > rejects amount exceeding daily limit
Unknown Error: Call contract function error: agent-wallet-v2::create-wallet('ST2CY5V39NHDPWSXMW9QDT3HC3GD6Q6XX4CFRK9AG, u200, u100) -> Contract 'ST1PQHQKV0RJXZFY1DGX8MNSNYVE3VGZJSRTPGZGM.agent-wallet-v2' does not exist
⎯⎯⎯⎯⎯⎯⎯⎯⎯⎯⎯⎯⎯⎯⎯⎯⎯⎯⎯⎯⎯⎯[19/85]⎯

 FAIL  tests/agent-wallet-v2.test.ts > agent-pay > rejects zero amount
Unknown Error: Call contract function error: agent-wallet-v2::create-wallet('ST2CY5V39NHDPWSXMW9QDT3HC3GD6Q6XX4CFRK9AG, u1000, u100) -> Contract 'ST1PQHQKV0RJXZFY1DGX8MNSNYVE3VGZJSRTPGZGM.agent-wallet-v2' does not exist
⎯⎯⎯⎯⎯⎯⎯⎯⎯⎯⎯⎯⎯⎯⎯⎯⎯⎯⎯⎯⎯⎯[20/85]⎯

 FAIL  tests/agent-wallet-v2.test.ts > agent-pay > multiple agent-pays accumulate counters
Unknown Error: Call contract function error: agent-wallet-v2::create-wallet('ST2CY5V39NHDPWSXMW9QDT3HC3GD6Q6XX4CFRK9AG, u500, u100) -> Contract 'ST1PQHQKV0RJXZFY1DGX8MNSNYVE3VGZJSRTPGZGM.agent-wallet-v2' does not exist
⎯⎯⎯⎯⎯⎯⎯⎯⎯⎯⎯⎯⎯⎯⎯⎯⎯⎯⎯⎯⎯⎯[21/85]⎯

 FAIL  tests/agent-wallet-v2.test.ts > agent-pay > daily limit shared across agents
Unknown Error: Call contract function error: agent-wallet-v2::create-wallet('ST2CY5V39NHDPWSXMW9QDT3HC3GD6Q6XX4CFRK9AG, u150, u100) -> Contract 'ST1PQHQKV0RJXZFY1DGX8MNSNYVE3VGZJSRTPGZGM.agent-wallet-v2' does not exist
⎯⎯⎯⎯⎯⎯⎯⎯⎯⎯⎯⎯⎯⎯⎯⎯⎯⎯⎯⎯⎯⎯[22/85]⎯

 FAIL  tests/agent-wallet-v2.test.ts > validate-spend > returns ok for valid spend
Unknown Error: Call contract function error: agent-wallet-v2::create-wallet('ST2CY5V39NHDPWSXMW9QDT3HC3GD6Q6XX4CFRK9AG, u1000, u100) -> Contract 'ST1PQHQKV0RJXZFY1DGX8MNSNYVE3VGZJSRTPGZGM.agent-wallet-v2' does not exist
⎯⎯⎯⎯⎯⎯⎯⎯⎯⎯⎯⎯⎯⎯⎯⎯⎯⎯⎯⎯⎯⎯[23/85]⎯

 FAIL  tests/agent-wallet-v2.test.ts > validate-spend > rejects insufficient balance
Unknown Error: Call contract function error: agent-wallet-v2::create-wallet('ST2CY5V39NHDPWSXMW9QDT3HC3GD6Q6XX4CFRK9AG, u10000, u10000) -> Contract 'ST1PQHQKV0RJXZFY1DGX8MNSNYVE3VGZJSRTPGZGM.agent-wallet-v2' does not exist
⎯⎯⎯⎯⎯⎯⎯⎯⎯⎯⎯⎯⎯⎯⎯⎯⎯⎯⎯⎯⎯⎯[24/85]⎯

 FAIL  tests/agent-wallet-v2.test.ts > multi-agent > add-agent adds a second agent
Unknown Error: Call contract function error: agent-wallet-v2::create-wallet('ST2CY5V39NHDPWSXMW9QDT3HC3GD6Q6XX4CFRK9AG, u1000, u100) -> Contract 'ST1PQHQKV0RJXZFY1DGX8MNSNYVE3VGZJSRTPGZGM.agent-wallet-v2' does not exist
⎯⎯⎯⎯⎯⎯⎯⎯⎯⎯⎯⎯⎯⎯⎯⎯⎯⎯⎯⎯⎯⎯[25/85]⎯

 FAIL  tests/agent-wallet-v2.test.ts > multi-agent > second agent can agent-pay
Unknown Error: Call contract function error: agent-wallet-v2::create-wallet('ST2CY5V39NHDPWSXMW9QDT3HC3GD6Q6XX4CFRK9AG, u1000, u100) -> Contract 'ST1PQHQKV0RJXZFY1DGX8MNSNYVE3VGZJSRTPGZGM.agent-wallet-v2' does not exist
⎯⎯⎯⎯⎯⎯⎯⎯⎯⎯⎯⎯⎯⎯⎯⎯⎯⎯⎯⎯⎯⎯[26/85]⎯

 FAIL  tests/agent-wallet-v2.test.ts > multi-agent > remove-agent revokes authorization
Unknown Error: Call contract function error: agent-wallet-v2::create-wallet('ST2CY5V39NHDPWSXMW9QDT3HC3GD6Q6XX4CFRK9AG, u1000, u100) -> Contract 'ST1PQHQKV0RJXZFY1DGX8MNSNYVE3VGZJSRTPGZGM.agent-wallet-v2' does not exist
⎯⎯⎯⎯⎯⎯⎯⎯⎯⎯⎯⎯⎯⎯⎯⎯⎯⎯⎯⎯⎯⎯[27/85]⎯

 FAIL  tests/agent-wallet-v2.test.ts > multi-agent > rejects adding duplicate agent
Unknown Error: Call contract function error: agent-wallet-v2::create-wallet('ST2CY5V39NHDPWSXMW9QDT3HC3GD6Q6XX4CFRK9AG, u1000, u100) -> Contract 'ST1PQHQKV0RJXZFY1DGX8MNSNYVE3VGZJSRTPGZGM.agent-wallet-v2' does not exist
⎯⎯⎯⎯⎯⎯⎯⎯⎯⎯⎯⎯⎯⎯⎯⎯⎯⎯⎯⎯⎯⎯[28/85]⎯

 FAIL  tests/agent-wallet-v2.test.ts > multi-agent > rejects removing non-existent agent
Unknown Error: Call contract function error: agent-wallet-v2::create-wallet('ST2CY5V39NHDPWSXMW9QDT3HC3GD6Q6XX4CFRK9AG, u1000, u100) -> Contract 'ST1PQHQKV0RJXZFY1DGX8MNSNYVE3VGZJSRTPGZGM.agent-wallet-v2' does not exist
⎯⎯⎯⎯⎯⎯⎯⎯⎯⎯⎯⎯⎯⎯⎯⎯⎯⎯⎯⎯⎯⎯[29/85]⎯

 FAIL  tests/agent-wallet-v2.test.ts > owner-management > set-active toggles kill switch
Unknown Error: Call contract function error: agent-wallet-v2::create-wallet('ST2CY5V39NHDPWSXMW9QDT3HC3GD6Q6XX4CFRK9AG, u1000, u100) -> Contract 'ST1PQHQKV0RJXZFY1DGX8MNSNYVE3VGZJSRTPGZGM.agent-wallet-v2' does not exist
⎯⎯⎯⎯⎯⎯⎯⎯⎯⎯⎯⎯⎯⎯⎯⎯⎯⎯⎯⎯⎯⎯[30/85]⎯

 FAIL  tests/agent-wallet-v2.test.ts > owner-management > set-limits updates limits
Unknown Error: Call contract function error: agent-wallet-v2::create-wallet('ST2CY5V39NHDPWSXMW9QDT3HC3GD6Q6XX4CFRK9AG, u1000, u100) -> Contract 'ST1PQHQKV0RJXZFY1DGX8MNSNYVE3VGZJSRTPGZGM.agent-wallet-v2' does not exist
⎯⎯⎯⎯⎯⎯⎯⎯⎯⎯⎯⎯⎯⎯⎯⎯⎯⎯⎯⎯⎯⎯[31/85]⎯

 FAIL  tests/agent-wallet-v2.test.ts > owner-management > set-limits rejects invalid
Unknown Error: Call contract function error: agent-wallet-v2::create-wallet('ST2CY5V39NHDPWSXMW9QDT3HC3GD6Q6XX4CFRK9AG, u1000, u100) -> Contract 'ST1PQHQKV0RJXZFY1DGX8MNSNYVE3VGZJSRTPGZGM.agent-wallet-v2' does not exist
⎯⎯⎯⎯⎯⎯⎯⎯⎯⎯⎯⎯⎯⎯⎯⎯⎯⎯⎯⎯⎯⎯[32/85]⎯

 FAIL  tests/agent-wallet-v2.test.ts > owner-management > set-agent adds agent (backwards compat)
Unknown Error: Call contract function error: agent-wallet-v2::create-wallet('ST2CY5V39NHDPWSXMW9QDT3HC3GD6Q6XX4CFRK9AG, u1000, u100) -> Contract 'ST1PQHQKV0RJXZFY1DGX8MNSNYVE3VGZJSRTPGZGM.agent-wallet-v2' does not exist
⎯⎯⎯⎯⎯⎯⎯⎯⎯⎯⎯⎯⎯⎯⎯⎯⎯⎯⎯⎯⎯⎯[33/85]⎯

 FAIL  tests/agent-wallet-v2.test.ts > owner-management > allow-service and disallow-service
Unknown Error: Call contract function error: agent-wallet-v2::create-wallet('ST2CY5V39NHDPWSXMW9QDT3HC3GD6Q6XX4CFRK9AG, u1000, u100) -> Contract 'ST1PQHQKV0RJXZFY1DGX8MNSNYVE3VGZJSRTPGZGM.agent-wallet-v2' does not exist
⎯⎯⎯⎯⎯⎯⎯⎯⎯⎯⎯⎯⎯⎯⎯⎯⎯⎯⎯⎯⎯⎯[34/85]⎯

 FAIL  tests/agent-wallet-v2.test.ts > owner-management > management rejects without wallet
Unknown Error: Call contract function error: agent-wallet-v2::set-active(false) -> Contract 'ST1PQHQKV0RJXZFY1DGX8MNSNYVE3VGZJSRTPGZGM.agent-wallet-v2' does not exist
⎯⎯⎯⎯⎯⎯⎯⎯⎯⎯⎯⎯⎯⎯⎯⎯⎯⎯⎯⎯⎯⎯[35/85]⎯

 FAIL  tests/agent-wallet-v2.test.ts > read-only-helpers > get-balance returns 0 for no wallet
Unknown Error: Call contract function error: agent-wallet-v2::get-balance('ST2NEB84ASENDXKYGJPQW86YXQCEFEX2ZQPG87ND) -> Contract 'ST1PQHQKV0RJXZFY1DGX8MNSNYVE3VGZJSRTPGZGM.agent-wallet-v2' does not exist
⎯⎯⎯⎯⎯⎯⎯⎯⎯⎯⎯⎯⎯⎯⎯⎯⎯⎯⎯⎯⎯⎯[36/85]⎯

 FAIL  tests/agent-wallet-v2.test.ts > read-only-helpers > get-daily-remaining returns remaining
Unknown Error: Call contract function error: agent-wallet-v2::create-wallet('ST2CY5V39NHDPWSXMW9QDT3HC3GD6Q6XX4CFRK9AG, u1000, u100) -> Contract 'ST1PQHQKV0RJXZFY1DGX8MNSNYVE3VGZJSRTPGZGM.agent-wallet-v2' does not exist
⎯⎯⎯⎯⎯⎯⎯⎯⎯⎯⎯⎯⎯⎯⎯⎯⎯⎯⎯⎯⎯⎯[37/85]⎯

 FAIL  tests/agent-wallet-v2.test.ts > read-only-helpers > get-spend-nonce returns 0 for no spends
Unknown Error: Call contract function error: agent-wallet-v2::get-spend-nonce('ST2NEB84ASENDXKYGJPQW86YXQCEFEX2ZQPG87ND) -> Contract 'ST1PQHQKV0RJXZFY1DGX8MNSNYVE3VGZJSRTPGZGM.agent-wallet-v2' does not exist
⎯⎯⎯⎯⎯⎯⎯⎯⎯⎯⎯⎯⎯⎯⎯⎯⎯⎯⎯⎯⎯⎯[38/85]⎯

 FAIL  tests/agent-wallet-v2.test.ts > read-only-helpers > get-spend-record returns none for no record
Unknown Error: Call contract function error: agent-wallet-v2::get-spend-record('ST2NEB84ASENDXKYGJPQW86YXQCEFEX2ZQPG87ND, u0) -> Contract 'ST1PQHQKV0RJXZFY1DGX8MNSNYVE3VGZJSRTPGZGM.agent-wallet-v2' does not exist
⎯⎯⎯⎯⎯⎯⎯⎯⎯⎯⎯⎯⎯⎯⎯⎯⎯⎯⎯⎯⎯⎯[39/85]⎯

 FAIL  tests/agent-wallet-v2.test.ts > read-only-helpers > is-service-allowed returns false for unknown
Unknown Error: Call contract function error: agent-wallet-v2::create-wallet('ST2CY5V39NHDPWSXMW9QDT3HC3GD6Q6XX4CFRK9AG, u1000, u100) -> Contract 'ST1PQHQKV0RJXZFY1DGX8MNSNYVE3VGZJSRTPGZGM.agent-wallet-v2' does not exist
⎯⎯⎯⎯⎯⎯⎯⎯⎯⎯⎯⎯⎯⎯⎯⎯⎯⎯⎯⎯⎯⎯[40/85]⎯

 FAIL  tests/agent-wallet-v3.test.ts > create-wallet > creates an isolated wallet for an agent with balance 0
Unknown Error: Call contract function error: agent-wallet-v3::create-wallet('ST2CY5V39NHDPWSXMW9QDT3HC3GD6Q6XX4CFRK9AG, u1000, u100) -> Contract 'ST1PQHQKV0RJXZFY1DGX8MNSNYVE3VGZJSRTPGZGM.agent-wallet-v3' does not exist
⎯⎯⎯⎯⎯⎯⎯⎯⎯⎯⎯⎯⎯⎯⎯⎯⎯⎯⎯⎯⎯⎯[41/85]⎯

 FAIL  tests/agent-wallet-v3.test.ts > create-wallet > rejects duplicate wallet creation for the same agent
Unknown Error: Call contract function error: agent-wallet-v3::create-wallet('ST2CY5V39NHDPWSXMW9QDT3HC3GD6Q6XX4CFRK9AG, u1000, u100) -> Contract 'ST1PQHQKV0RJXZFY1DGX8MNSNYVE3VGZJSRTPGZGM.agent-wallet-v3' does not exist
⎯⎯⎯⎯⎯⎯⎯⎯⎯⎯⎯⎯⎯⎯⎯⎯⎯⎯⎯⎯⎯⎯[42/85]⎯

 FAIL  tests/agent-wallet-v3.test.ts > create-wallet > allows creating wallets for multiple agents
Unknown Error: Call contract function error: agent-wallet-v3::create-wallet('ST2CY5V39NHDPWSXMW9QDT3HC3GD6Q6XX4CFRK9AG, u1000, u100) -> Contract 'ST1PQHQKV0RJXZFY1DGX8MNSNYVE3VGZJSRTPGZGM.agent-wallet-v3' does not exist
⎯⎯⎯⎯⎯⎯⎯⎯⎯⎯⎯⎯⎯⎯⎯⎯⎯⎯⎯⎯⎯⎯[43/85]⎯

 FAIL  tests/agent-wallet-v3.test.ts > create-wallet > rejects zero daily limit
Unknown Error: Call contract function error: agent-wallet-v3::create-wallet('ST2CY5V39NHDPWSXMW9QDT3HC3GD6Q6XX4CFRK9AG, u0, u100) -> Contract 'ST1PQHQKV0RJXZFY1DGX8MNSNYVE3VGZJSRTPGZGM.agent-wallet-v3' does not exist
⎯⎯⎯⎯⎯⎯⎯⎯⎯⎯⎯⎯⎯⎯⎯⎯⎯⎯⎯⎯⎯⎯[44/85]⎯

 FAIL  tests/agent-wallet-v3.test.ts > create-wallet > rejects per-call limit greater than daily limit
Unknown Error: Call contract function error: agent-wallet-v3::create-wallet('ST2CY5V39NHDPWSXMW9QDT3HC3GD6Q6XX4CFRK9AG, u100, u200) -> Contract 'ST1PQHQKV0RJXZFY1DGX8MNSNYVE3VGZJSRTPGZGM.agent-wallet-v3' does not exist
⎯⎯⎯⎯⎯⎯⎯⎯⎯⎯⎯⎯⎯⎯⎯⎯⎯⎯⎯⎯⎯⎯[45/85]⎯

 FAIL  tests/agent-wallet-v3.test.ts > deposit-withdraw > deposit increases agent's isolated escrow balance
Unknown Error: Call contract function error: agent-wallet-v3::create-wallet('ST2CY5V39NHDPWSXMW9QDT3HC3GD6Q6XX4CFRK9AG, u1000, u100) -> Contract 'ST1PQHQKV0RJXZFY1DGX8MNSNYVE3VGZJSRTPGZGM.agent-wallet-v3' does not exist
⎯⎯⎯⎯⎯⎯⎯⎯⎯⎯⎯⎯⎯⎯⎯⎯⎯⎯⎯⎯⎯⎯[46/85]⎯

 FAIL  tests/agent-wallet-v3.test.ts > deposit-withdraw > deposit to different agents remains isolated
Unknown Error: Call contract function error: agent-wallet-v3::create-wallet('ST2CY5V39NHDPWSXMW9QDT3HC3GD6Q6XX4CFRK9AG, u1000, u100) -> Contract 'ST1PQHQKV0RJXZFY1DGX8MNSNYVE3VGZJSRTPGZGM.agent-wallet-v3' does not exist
⎯⎯⎯⎯⎯⎯⎯⎯⎯⎯⎯⎯⎯⎯⎯⎯⎯⎯⎯⎯⎯⎯[47/85]⎯

 FAIL  tests/agent-wallet-v3.test.ts > deposit-withdraw > deposit rejects zero amount
Unknown Error: Call contract function error: agent-wallet-v3::create-wallet('ST2CY5V39NHDPWSXMW9QDT3HC3GD6Q6XX4CFRK9AG, u1000, u100) -> Contract 'ST1PQHQKV0RJXZFY1DGX8MNSNYVE3VGZJSRTPGZGM.agent-wallet-v3' does not exist
⎯⎯⎯⎯⎯⎯⎯⎯⎯⎯⎯⎯⎯⎯⎯⎯⎯⎯⎯⎯⎯⎯[48/85]⎯

 FAIL  tests/agent-wallet-v3.test.ts > deposit-withdraw > deposit rejects without wallet
Unknown Error: Call contract function error: agent-wallet-v3::deposit('ST2CY5V39NHDPWSXMW9QDT3HC3GD6Q6XX4CFRK9AG, u1000) -> Contract 'ST1PQHQKV0RJXZFY1DGX8MNSNYVE3VGZJSRTPGZGM.agent-wallet-v3' does not exist
⎯⎯⎯⎯⎯⎯⎯⎯⎯⎯⎯⎯⎯⎯⎯⎯⎯⎯⎯⎯⎯⎯[49/85]⎯

 FAIL  tests/agent-wallet-v3.test.ts > deposit-withdraw > withdraw decreases agent's escrow balance
Unknown Error: Call contract function error: agent-wallet-v3::create-wallet('ST2CY5V39NHDPWSXMW9QDT3HC3GD6Q6XX4CFRK9AG, u1000, u100) -> Contract 'ST1PQHQKV0RJXZFY1DGX8MNSNYVE3VGZJSRTPGZGM.agent-wallet-v3' does not exist
⎯⎯⎯⎯⎯⎯⎯⎯⎯⎯⎯⎯⎯⎯⎯⎯⎯⎯⎯⎯⎯⎯[50/85]⎯

 FAIL  tests/agent-wallet-v3.test.ts > deposit-withdraw > withdraw rejects insufficient balance
Unknown Error: Call contract function error: agent-wallet-v3::create-wallet('ST2CY5V39NHDPWSXMW9QDT3HC3GD6Q6XX4CFRK9AG, u1000, u100) -> Contract 'ST1PQHQKV0RJXZFY1DGX8MNSNYVE3VGZJSRTPGZGM.agent-wallet-v3' does not exist
⎯⎯⎯⎯⎯⎯⎯⎯⎯⎯⎯⎯⎯⎯⎯⎯⎯⎯⎯⎯⎯⎯[51/85]⎯

 FAIL  tests/agent-wallet-v3.test.ts > operator-management > owner registers an operator
Unknown Error: Call contract function error: agent-wallet-v3::register-operator('ST2NEB84ASENDXKYGJPQW86YXQCEFEX2ZQPG87ND) -> Contract 'ST1PQHQKV0RJXZFY1DGX8MNSNYVE3VGZJSRTPGZGM.agent-wallet-v3' does not exist
⎯⎯⎯⎯⎯⎯⎯⎯⎯⎯⎯⎯⎯⎯⎯⎯⎯⎯⎯⎯⎯⎯[52/85]⎯

 FAIL  tests/agent-wallet-v3.test.ts > operator-management > owner revokes operator
Unknown Error: Call contract function error: agent-wallet-v3::register-operator('ST2NEB84ASENDXKYGJPQW86YXQCEFEX2ZQPG87ND) -> Contract 'ST1PQHQKV0RJXZFY1DGX8MNSNYVE3VGZJSRTPGZGM.agent-wallet-v3' does not exist
⎯⎯⎯⎯⎯⎯⎯⎯⎯⎯⎯⎯⎯⎯⎯⎯⎯⎯⎯⎯⎯⎯[53/85]⎯

 FAIL  tests/agent-wallet-v3.test.ts > operator-management > revoke-operator fails when no operator is set
Unknown Error: Call contract function error: agent-wallet-v3::revoke-operator() -> Contract 'ST1PQHQKV0RJXZFY1DGX8MNSNYVE3VGZJSRTPGZGM.agent-wallet-v3' does not exist
⎯⎯⎯⎯⎯⎯⎯⎯⎯⎯⎯⎯⎯⎯⎯⎯⎯⎯⎯⎯⎯⎯[54/85]⎯

 FAIL  tests/agent-wallet-v3.test.ts > operator-management > owner can replace operator by re-registering
Unknown Error: Call contract function error: agent-wallet-v3::register-operator('ST2NEB84ASENDXKYGJPQW86YXQCEFEX2ZQPG87ND) -> Contract 'ST1PQHQKV0RJXZFY1DGX8MNSNYVE3VGZJSRTPGZGM.agent-wallet-v3' does not exist
⎯⎯⎯⎯⎯⎯⎯⎯⎯⎯⎯⎯⎯⎯⎯⎯⎯⎯⎯⎯⎯⎯[55/85]⎯

 FAIL  tests/agent-wallet-v3.test.ts > agent-pay > operator pays service from agent's escrow and logs spend with fee
Unknown Error: Call contract function error: agent-wallet-v3::create-wallet('ST2CY5V39NHDPWSXMW9QDT3HC3GD6Q6XX4CFRK9AG, u1000, u100) -> Contract 'ST1PQHQKV0RJXZFY1DGX8MNSNYVE3VGZJSRTPGZGM.agent-wallet-v3' does not exist
⎯⎯⎯⎯⎯⎯⎯⎯⎯⎯⎯⎯⎯⎯⎯⎯⎯⎯⎯⎯⎯⎯[56/85]⎯

 FAIL  tests/agent-wallet-v3.test.ts > agent-pay > platform fee calculation: remainder goes to service
Unknown Error: Call contract function error: agent-wallet-v3::create-wallet('ST2CY5V39NHDPWSXMW9QDT3HC3GD6Q6XX4CFRK9AG, u1000, u100) -> Contract 'ST1PQHQKV0RJXZFY1DGX8MNSNYVE3VGZJSRTPGZGM.agent-wallet-v3' does not exist
⎯⎯⎯⎯⎯⎯⎯⎯⎯⎯⎯⎯⎯⎯⎯⎯⎯⎯⎯⎯⎯⎯[57/85]⎯

 FAIL  tests/agent-wallet-v3.test.ts > agent-pay > platform fee with larger amount: 1000 -> fee=20, service=980
Unknown Error: Call contract function error: agent-wallet-v3::create-wallet('ST2CY5V39NHDPWSXMW9QDT3HC3GD6Q6XX4CFRK9AG, u5000, u1000) -> Contract 'ST1PQHQKV0RJXZFY1DGX8MNSNYVE3VGZJSRTPGZGM.agent-wallet-v3' does not exist
⎯⎯⎯⎯⎯⎯⎯⎯⎯⎯⎯⎯⎯⎯⎯⎯⎯⎯⎯⎯⎯⎯[58/85]⎯

 FAIL  tests/agent-wallet-v3.test.ts > agent-pay > rejects unregistered operator (ERR-NOT-AUTHORIZED)
Unknown Error: Call contract function error: agent-wallet-v3::create-wallet('ST2CY5V39NHDPWSXMW9QDT3HC3GD6Q6XX4CFRK9AG, u1000, u100) -> Contract 'ST1PQHQKV0RJXZFY1DGX8MNSNYVE3VGZJSRTPGZGM.agent-wallet-v3' does not exist
⎯⎯⎯⎯⎯⎯⎯⎯⎯⎯⎯⎯⎯⎯⎯⎯⎯⎯⎯⎯⎯⎯[59/85]⎯

 FAIL  tests/agent-wallet-v3.test.ts > agent-pay > rejects wrong operator (registered for different owner)
Unknown Error: Call contract function error: agent-wallet-v3::create-wallet('ST2CY5V39NHDPWSXMW9QDT3HC3GD6Q6XX4CFRK9AG, u1000, u100) -> Contract 'ST1PQHQKV0RJXZFY1DGX8MNSNYVE3VGZJSRTPGZGM.agent-wallet-v3' does not exist
⎯⎯⎯⎯⎯⎯⎯⎯⎯⎯⎯⎯⎯⎯⎯⎯⎯⎯⎯⎯⎯⎯[60/85]⎯

 FAIL  tests/agent-wallet-v3.test.ts > agent-pay > rejects agent as caller when ALLOW_AGENT_CALLERS is false
Unknown Error: Call contract function error: agent-wallet-v3::create-wallet('ST2CY5V39NHDPWSXMW9QDT3HC3GD6Q6XX4CFRK9AG, u1000, u100) -> Contract 'ST1PQHQKV0RJXZFY1DGX8MNSNYVE3VGZJSRTPGZGM.agent-wallet-v3' does not exist
⎯⎯⎯⎯⎯⎯⎯⎯⎯⎯⎯⎯⎯⎯⎯⎯⎯⎯⎯⎯⎯⎯[61/85]⎯

 FAIL  tests/agent-wallet-v3.test.ts > agent-pay > rejects inactive wallet (kill switch)
Unknown Error: Call contract function error: agent-wallet-v3::create-wallet('ST2CY5V39NHDPWSXMW9QDT3HC3GD6Q6XX4CFRK9AG, u1000, u100) -> Contract 'ST1PQHQKV0RJXZFY1DGX8MNSNYVE3VGZJSRTPGZGM.agent-wallet-v3' does not exist
⎯⎯⎯⎯⎯⎯⎯⎯⎯⎯⎯⎯⎯⎯⎯⎯⎯⎯⎯⎯⎯⎯[62/85]⎯

 FAIL  tests/agent-wallet-v3.test.ts > agent-pay > rejects insufficient escrow balance
Unknown Error: Call contract function error: agent-wallet-v3::create-wallet('ST2CY5V39NHDPWSXMW9QDT3HC3GD6Q6XX4CFRK9AG, u10000, u10000) -> Contract 'ST1PQHQKV0RJXZFY1DGX8MNSNYVE3VGZJSRTPGZGM.agent-wallet-v3' does not exist
⎯⎯⎯⎯⎯⎯⎯⎯⎯⎯⎯⎯⎯⎯⎯⎯⎯⎯⎯⎯⎯⎯[63/85]⎯

 FAIL  tests/agent-wallet-v3.test.ts > agent-pay > rejects non-allowlisted service
Unknown Error: Call contract function error: agent-wallet-v3::create-wallet('ST2CY5V39NHDPWSXMW9QDT3HC3GD6Q6XX4CFRK9AG, u1000, u100) -> Contract 'ST1PQHQKV0RJXZFY1DGX8MNSNYVE3VGZJSRTPGZGM.agent-wallet-v3' does not exist
⎯⎯⎯⎯⎯⎯⎯⎯⎯⎯⎯⎯⎯⎯⎯⎯⎯⎯⎯⎯⎯⎯[64/85]⎯

 FAIL  tests/agent-wallet-v3.test.ts > agent-pay > multiple agent-pays accumulate counters
Unknown Error: Call contract function error: agent-wallet-v3::create-wallet('ST2CY5V39NHDPWSXMW9QDT3HC3GD6Q6XX4CFRK9AG, u500, u100) -> Contract 'ST1PQHQKV0RJXZFY1DGX8MNSNYVE3VGZJSRTPGZGM.agent-wallet-v3' does not exist
⎯⎯⎯⎯⎯⎯⎯⎯⎯⎯⎯⎯⎯⎯⎯⎯⎯⎯⎯⎯⎯⎯[65/85]⎯

 FAIL  tests/agent-wallet-v3.test.ts > owner-management > remove-agent rejects when balance > 0
Unknown Error: Call contract function error: agent-wallet-v3::create-wallet('ST2CY5V39NHDPWSXMW9QDT3HC3GD6Q6XX4CFRK9AG, u1000, u100) -> Contract 'ST1PQHQKV0RJXZFY1DGX8MNSNYVE3VGZJSRTPGZGM.agent-wallet-v3' does not exist
⎯⎯⎯⎯⎯⎯⎯⎯⎯⎯⎯⎯⎯⎯⎯⎯⎯⎯⎯⎯⎯⎯[66/85]⎯

 FAIL  tests/agent-wallet-v3.test.ts > owner-management > remove-agent succeeds after withdrawing all funds
Unknown Error: Call contract function error: agent-wallet-v3::create-wallet('ST2CY5V39NHDPWSXMW9QDT3HC3GD6Q6XX4CFRK9AG, u1000, u100) -> Contract 'ST1PQHQKV0RJXZFY1DGX8MNSNYVE3VGZJSRTPGZGM.agent-wallet-v3' does not exist
⎯⎯⎯⎯⎯⎯⎯⎯⎯⎯⎯⎯⎯⎯⎯⎯⎯⎯⎯⎯⎯⎯[67/85]⎯

 FAIL  tests/agent-wallet-v3.test.ts > owner-management > remove-agent succeeds when created with zero deposit
Unknown Error: Call contract function error: agent-wallet-v3::create-wallet('ST2CY5V39NHDPWSXMW9QDT3HC3GD6Q6XX4CFRK9AG, u1000, u100) -> Contract 'ST1PQHQKV0RJXZFY1DGX8MNSNYVE3VGZJSRTPGZGM.agent-wallet-v3' does not exist
⎯⎯⎯⎯⎯⎯⎯⎯⎯⎯⎯⎯⎯⎯⎯⎯⎯⎯⎯⎯⎯⎯[68/85]⎯

 FAIL  tests/agent-wallet-v3.test.ts > owner-management > allow-service and disallow-service per-agent
Unknown Error: Call contract function error: agent-wallet-v3::create-wallet('ST2CY5V39NHDPWSXMW9QDT3HC3GD6Q6XX4CFRK9AG, u1000, u100) -> Contract 'ST1PQHQKV0RJXZFY1DGX8MNSNYVE3VGZJSRTPGZGM.agent-wallet-v3' does not exist
⎯⎯⎯⎯⎯⎯⎯⎯⎯⎯⎯⎯⎯⎯⎯⎯⎯⎯⎯⎯⎯⎯[69/85]⎯

 FAIL  tests/agent-wallet-v3.test.ts > validate-spend > returns ok for valid spend
Unknown Error: Call contract function error: agent-wallet-v3::create-wallet('ST2CY5V39NHDPWSXMW9QDT3HC3GD6Q6XX4CFRK9AG, u1000, u100) -> Contract 'ST1PQHQKV0RJXZFY1DGX8MNSNYVE3VGZJSRTPGZGM.agent-wallet-v3' does not exist
⎯⎯⎯⎯⎯⎯⎯⎯⎯⎯⎯⎯⎯⎯⎯⎯⎯⎯⎯⎯⎯⎯[70/85]⎯

 FAIL  tests/agent-wallet-v3.test.ts > validate-spend > rejects insufficient balance
Unknown Error: Call contract function error: agent-wallet-v3::create-wallet('ST2CY5V39NHDPWSXMW9QDT3HC3GD6Q6XX4CFRK9AG, u10000, u10000) -> Contract 'ST1PQHQKV0RJXZFY1DGX8MNSNYVE3VGZJSRTPGZGM.agent-wallet-v3' does not exist
⎯⎯⎯⎯⎯⎯⎯⎯⎯⎯⎯⎯⎯⎯⎯⎯⎯⎯⎯⎯⎯⎯[71/85]⎯

 FAIL  tests/agent-wallet-v3.test.ts > validate-spend > rejects inactive wallet
Unknown Error: Call contract function error: agent-wallet-v3::create-wallet('ST2CY5V39NHDPWSXMW9QDT3HC3GD6Q6XX4CFRK9AG, u1000, u100) -> Contract 'ST1PQHQKV0RJXZFY1DGX8MNSNYVE3VGZJSRTPGZGM.agent-wallet-v3' does not exist
⎯⎯⎯⎯⎯⎯⎯⎯⎯⎯⎯⎯⎯⎯⎯⎯⎯⎯⎯⎯⎯⎯[72/85]⎯

 FAIL  tests/agent-wallet-v3.test.ts > limits-and-active > set-active toggles kill switch for specific agent
Unknown Error: Call contract function error: agent-wallet-v3::create-wallet('ST2CY5V39NHDPWSXMW9QDT3HC3GD6Q6XX4CFRK9AG, u1000, u100) -> Contract 'ST1PQHQKV0RJXZFY1DGX8MNSNYVE3VGZJSRTPGZGM.agent-wallet-v3' does not exist
⎯⎯⎯⎯⎯⎯⎯⎯⎯⎯⎯⎯⎯⎯⎯⎯⎯⎯⎯⎯⎯⎯[73/85]⎯

 FAIL  tests/agent-wallet-v3.test.ts > limits-and-active > set-limits updates limits for specific agent
Unknown Error: Call contract function error: agent-wallet-v3::create-wallet('ST2CY5V39NHDPWSXMW9QDT3HC3GD6Q6XX4CFRK9AG, u1000, u100) -> Contract 'ST1PQHQKV0RJXZFY1DGX8MNSNYVE3VGZJSRTPGZGM.agent-wallet-v3' does not exist
⎯⎯⎯⎯⎯⎯⎯⎯⎯⎯⎯⎯⎯⎯⎯⎯⎯⎯⎯⎯⎯⎯[74/85]⎯

 FAIL  tests/agent-wallet-v3.test.ts > limits-and-active > set-limits rejects invalid limits
Unknown Error: Call contract function error: agent-wallet-v3::create-wallet('ST2CY5V39NHDPWSXMW9QDT3HC3GD6Q6XX4CFRK9AG, u1000, u100) -> Contract 'ST1PQHQKV0RJXZFY1DGX8MNSNYVE3VGZJSRTPGZGM.agent-wallet-v3' does not exist
⎯⎯⎯⎯⎯⎯⎯⎯⎯⎯⎯⎯⎯⎯⎯⎯⎯⎯⎯⎯⎯⎯[75/85]⎯

 FAIL  tests/agent-wallet-v3.test.ts > limits-and-active > management rejects without owner signature
Unknown Error: Call contract function error: agent-wallet-v3::set-active('ST2CY5V39NHDPWSXMW9QDT3HC3GD6Q6XX4CFRK9AG, false) -> Contract 'ST1PQHQKV0RJXZFY1DGX8MNSNYVE3VGZJSRTPGZGM.agent-wallet-v3' does not exist
⎯⎯⎯⎯⎯⎯⎯⎯⎯⎯⎯⎯⎯⎯⎯⎯⎯⎯⎯⎯⎯⎯[76/85]⎯

 FAIL  tests/agent-wallet-v3.test.ts > read-only-helpers > get-balance returns 0 for no wallet
Unknown Error: Call contract function error: agent-wallet-v3::get-balance('ST2NEB84ASENDXKYGJPQW86YXQCEFEX2ZQPG87ND, 'ST2NEB84ASENDXKYGJPQW86YXQCEFEX2ZQPG87ND) -> Contract 'ST1PQHQKV0RJXZFY1DGX8MNSNYVE3VGZJSRTPGZGM.agent-wallet-v3' does not exist
⎯⎯⎯⎯⎯⎯⎯⎯⎯⎯⎯⎯⎯⎯⎯⎯⎯⎯⎯⎯⎯⎯[77/85]⎯

 FAIL  tests/agent-wallet-v3.test.ts > read-only-helpers > get-daily-remaining returns remaining for specific agent
Unknown Error: Call contract function error: agent-wallet-v3::create-wallet('ST2CY5V39NHDPWSXMW9QDT3HC3GD6Q6XX4CFRK9AG, u1000, u100) -> Contract 'ST1PQHQKV0RJXZFY1DGX8MNSNYVE3VGZJSRTPGZGM.agent-wallet-v3' does not exist
⎯⎯⎯⎯⎯⎯⎯⎯⎯⎯⎯⎯⎯⎯⎯⎯⎯⎯⎯⎯⎯⎯[78/85]⎯

 FAIL  tests/agent-wallet-v3.test.ts > read-only-helpers > get-spend-nonce returns 0 for no spends
Unknown Error: Call contract function error: agent-wallet-v3::get-spend-nonce('ST2NEB84ASENDXKYGJPQW86YXQCEFEX2ZQPG87ND, 'ST2NEB84ASENDXKYGJPQW86YXQCEFEX2ZQPG87ND) -> Contract 'ST1PQHQKV0RJXZFY1DGX8MNSNYVE3VGZJSRTPGZGM.agent-wallet-v3' does not exist
⎯⎯⎯⎯⎯⎯⎯⎯⎯⎯⎯⎯⎯⎯⎯⎯⎯⎯⎯⎯⎯⎯[79/85]⎯

 FAIL  tests/agent-wallet-v3.test.ts > read-only-helpers > get-spend-record returns none for no record
Unknown Error: Call contract function error: agent-wallet-v3::get-spend-record('ST2NEB84ASENDXKYGJPQW86YXQCEFEX2ZQPG87ND, 'ST2NEB84ASENDXKYGJPQW86YXQCEFEX2ZQPG87ND, u0) -> Contract 'ST1PQHQKV0RJXZFY1DGX8MNSNYVE3VGZJSRTPGZGM.agent-wallet-v3' does not exist
⎯⎯⎯⎯⎯⎯⎯⎯⎯⎯⎯⎯⎯⎯⎯⎯⎯⎯⎯⎯⎯⎯[80/85]⎯

 FAIL  tests/agent-wallet-v3.test.ts > read-only-helpers > is-service-allowed returns false for unknown
Unknown Error: Call contract function error: agent-wallet-v3::create-wallet('ST2CY5V39NHDPWSXMW9QDT3HC3GD6Q6XX4CFRK9AG, u1000, u100) -> Contract 'ST1PQHQKV0RJXZFY1DGX8MNSNYVE3VGZJSRTPGZGM.agent-wallet-v3' does not exist
⎯⎯⎯⎯⎯⎯⎯⎯⎯⎯⎯⎯⎯⎯⎯⎯⎯⎯⎯⎯⎯⎯[81/85]⎯

 FAIL  tests/agent-wallet-v3.test.ts > read-only-helpers > get-platform-address returns deployer
Unknown Error: Call contract function error: agent-wallet-v3::get-platform-address() -> Contract 'ST1PQHQKV0RJXZFY1DGX8MNSNYVE3VGZJSRTPGZGM.agent-wallet-v3' does not exist
⎯⎯⎯⎯⎯⎯⎯⎯⎯⎯⎯⎯⎯⎯⎯⎯⎯⎯⎯⎯⎯⎯[82/85]⎯

 FAIL  tests/agent-wallet-v3.test.ts > read-only-helpers > get-platform-fee-bps returns 200
Unknown Error: Call contract function error: agent-wallet-v3::get-platform-fee-bps() -> Contract 'ST1PQHQKV0RJXZFY1DGX8MNSNYVE3VGZJSRTPGZGM.agent-wallet-v3' does not exist
⎯⎯⎯⎯⎯⎯⎯⎯⎯⎯⎯⎯⎯⎯⎯⎯⎯⎯⎯⎯⎯⎯[83/85]⎯

 FAIL  tests/agent-wallet-v3.test.ts > platform-admin > deployer can change platform address
Unknown Error: Call contract function error: agent-wallet-v3::set-platform-address('ST2REHHS5J3CERCRBEPMGH7921Q6PYKAADT7JP2VB) -> Contract 'ST1PQHQKV0RJXZFY1DGX8MNSNYVE3VGZJSRTPGZGM.agent-wallet-v3' does not exist
⎯⎯⎯⎯⎯⎯⎯⎯⎯⎯⎯⎯⎯⎯⎯⎯⎯⎯⎯⎯⎯⎯[84/85]⎯

 FAIL  tests/agent-wallet-v3.test.ts > platform-admin > non-admin cannot change platform address
Unknown Error: Call contract function error: agent-wallet-v3::set-platform-address('ST2REHHS5J3CERCRBEPMGH7921Q6PYKAADT7JP2VB) -> Contract 'ST1PQHQKV0RJXZFY1DGX8MNSNYVE3VGZJSRTPGZGM.agent-wallet-v3' does not exist
⎯⎯⎯⎯⎯⎯⎯⎯⎯⎯⎯⎯⎯⎯⎯⎯⎯⎯⎯⎯⎯⎯[85/85]⎯

